C:\CODE>findstr /s /r /i /m /c:"\<angal.admission.address\>" *.*
openhospital-gui-develop\bundle\language_ar.properties
openhospital-gui-develop\bundle\language_de.properties
openhospital-gui-develop\bundle\language_en.properties
openhospital-gui-develop\bundle\language_es.properties
openhospital-gui-develop\bundle\language_fr.properties
openhospital-gui-develop\bundle\language_it.properties
openhospital-gui-develop\bundle\language_pt.properties
openhospital-gui-develop\bundle\language_sw.properties
openhospital-gui-develop\bundle\language_zh_CN.properties

C:\CODE>findstr /s /r /i /m /c:"\<angal.admission.admissionnotes\>" *.*
openhospital-gui-develop\bundle\language_ar.properties
openhospital-gui-develop\bundle\language_de.properties
openhospital-gui-develop\bundle\language_en.properties
openhospital-gui-develop\bundle\language_es.properties
openhospital-gui-develop\bundle\language_fr.properties
openhospital-gui-develop\bundle\language_it.properties
openhospital-gui-develop\bundle\language_pt.properties
openhospital-gui-develop\bundle\language_sw.properties

C:\CODE>findstr /s /r /i /m /c:"\<angal.admission.deleteadmission\>" *.*
openhospital-gui-develop\bundle\language_ar.properties
openhospital-gui-develop\bundle\language_de.properties
openhospital-gui-develop\bundle\language_en.properties
openhospital-gui-develop\bundle\language_es.properties
openhospital-gui-develop\bundle\language_fr.properties
openhospital-gui-develop\bundle\language_it.properties
openhospital-gui-develop\bundle\language_pt.properties
openhospital-gui-develop\bundle\language_sw.properties

C:\CODE>findstr /s /r /i /m /c:"\<angal.admission.diagnosisin\>" *.*
openhospital-gui-develop\bundle\language_ar.properties
openhospital-gui-develop\bundle\language_de.properties
openhospital-gui-develop\bundle\language_en.properties
openhospital-gui-develop\bundle\language_es.properties
openhospital-gui-develop\bundle\language_fr.properties
openhospital-gui-develop\bundle\language_it.properties
openhospital-gui-develop\bundle\language_pt.properties
openhospital-gui-develop\bundle\language_sw.properties

C:\CODE>findstr /s /r /i /m /c:"\<angal.admission.diagnosisoutsameasdiagnosisin\>" *.*
openhospital-gui-develop\bundle\language_ar.properties
openhospital-gui-develop\bundle\language_de.properties
openhospital-gui-develop\bundle\language_en.properties
openhospital-gui-develop\bundle\language_es.properties
openhospital-gui-develop\bundle\language_fr.properties
openhospital-gui-develop\bundle\language_it.properties
openhospital-gui-develop\bundle\language_pt.properties
openhospital-gui-develop\bundle\language_sw.properties
openhospital-gui-develop\bundle\language_zh_CN.properties

C:\CODE>findstr /s /r /i /m /c:"\<angal.admission.doyouwanttooverwritethedata\>" *.*
openhospital-gui-develop\bundle\language_ar.properties
openhospital-gui-develop\bundle\language_de.properties
openhospital-gui-develop\bundle\language_en.properties
openhospital-gui-develop\bundle\language_es.properties
openhospital-gui-develop\bundle\language_fr.properties
openhospital-gui-develop\bundle\language_it.properties
openhospital-gui-develop\bundle\language_pt.properties
openhospital-gui-develop\bundle\language_sw.properties
openhospital-gui-develop\bundle\language_zh_CN.properties

C:\CODE>findstr /s /r /i /m /c:"\<angal.admission.editadmission\>" *.*
openhospital-gui-develop\bundle\language_ar.properties
openhospital-gui-develop\bundle\language_de.properties
openhospital-gui-develop\bundle\language_en.properties
openhospital-gui-develop\bundle\language_es.properties
openhospital-gui-develop\bundle\language_fr.properties
openhospital-gui-develop\bundle\language_it.properties
openhospital-gui-develop\bundle\language_pt.properties
openhospital-gui-develop\bundle\language_sw.properties
openhospital-gui-develop\bundle\language_zh_CN.properties

C:\CODE>findstr /s /r /i /m /c:"\<angal.admission.education\>" *.*
openhospital-gui-develop\bundle\language_ar.properties
openhospital-gui-develop\bundle\language_de.properties
openhospital-gui-develop\bundle\language_en.properties
openhospital-gui-develop\bundle\language_es.properties
openhospital-gui-develop\bundle\language_fr.properties
openhospital-gui-develop\bundle\language_it.properties
openhospital-gui-develop\bundle\language_pt.properties
openhospital-gui-develop\bundle\language_sw.properties
openhospital-gui-develop\bundle\language_zh_CN.properties

C:\CODE>findstr /s /r /i /m /c:"\<angal.admission.filtering\>" *.*
openhospital-gui-develop\bundle\language_ar.properties
openhospital-gui-develop\bundle\language_de.properties
openhospital-gui-develop\bundle\language_en.properties
openhospital-gui-develop\bundle\language_es.properties
openhospital-gui-develop\bundle\language_fr.properties
openhospital-gui-develop\bundle\language_it.properties
openhospital-gui-develop\bundle\language_pt.properties
openhospital-gui-develop\bundle\language_sw.properties
openhospital-gui-develop\bundle\language_zh_CN.properties

C:\CODE>findstr /s /r /i /m /c:"\<angal.admission.levelis\>" *.*
openhospital-gui-develop\bundle\language_ar.properties
openhospital-gui-develop\bundle\language_de.properties
openhospital-gui-develop\bundle\language_en.properties
openhospital-gui-develop\bundle\language_es.properties
openhospital-gui-develop\bundle\language_fr.properties
openhospital-gui-develop\bundle\language_it.properties
openhospital-gui-develop\bundle\language_pt.properties
openhospital-gui-develop\bundle\language_sw.properties
openhospital-gui-develop\bundle\language_zh_CN.properties

C:\CODE>findstr /s /r /i /m /c:"\<angal.admission.levelisunknown\>" *.*
openhospital-gui-develop\bundle\language_ar.properties
openhospital-gui-develop\bundle\language_de.properties
openhospital-gui-develop\bundle\language_en.properties
openhospital-gui-develop\bundle\language_es.properties
openhospital-gui-develop\bundle\language_fr.properties
openhospital-gui-develop\bundle\language_it.properties
openhospital-gui-develop\bundle\language_pt.properties
openhospital-gui-develop\bundle\language_sw.properties
openhospital-gui-develop\bundle\language_zh_CN.properties

C:\CODE>findstr /s /r /i /m /c:"\<angal.admission.newunitis\>" *.*
openhospital-gui-develop\bundle\language_ar.properties
openhospital-gui-develop\bundle\language_de.properties
openhospital-gui-develop\bundle\language_en.properties
openhospital-gui-develop\bundle\language_es.properties
openhospital-gui-develop\bundle\language_fr.properties
openhospital-gui-develop\bundle\language_it.properties
openhospital-gui-develop\bundle\language_pt.properties
openhospital-gui-develop\bundle\language_sw.properties
openhospital-gui-develop\bundle\language_zh_CN.properties

C:\CODE>findstr /s /r /i /m /c:"\<angal.admission.newweightis\>" *.*
openhospital-gui-develop\bundle\language_ar.properties
openhospital-gui-develop\bundle\language_de.properties
openhospital-gui-develop\bundle\language_en.properties
openhospital-gui-develop\bundle\language_es.properties
openhospital-gui-develop\bundle\language_fr.properties
openhospital-gui-develop\bundle\language_it.properties
openhospital-gui-develop\bundle\language_pt.properties
openhospital-gui-develop\bundle\language_sw.properties
openhospital-gui-develop\bundle\language_zh_CN.properties

C:\CODE>findstr /s /r /i /m /c:"\<angal.admission.newweightwillbe\>" *.*
openhospital-gui-develop\bundle\language_ar.properties
openhospital-gui-develop\bundle\language_de.properties
openhospital-gui-develop\bundle\language_en.properties
openhospital-gui-develop\bundle\language_es.properties
openhospital-gui-develop\bundle\language_fr.properties
openhospital-gui-develop\bundle\language_it.properties
openhospital-gui-develop\bundle\language_pt.properties
openhospital-gui-develop\bundle\language_sw.properties
openhospital-gui-develop\bundle\language_zh_CN.properties

C:\CODE>findstr /s /r /i /m /c:"\<angal.admission.newweightwillbenull\>" *.*
openhospital-gui-develop\bundle\language_ar.properties
openhospital-gui-develop\bundle\language_de.properties
openhospital-gui-develop\bundle\language_en.properties
openhospital-gui-develop\bundle\language_es.properties
openhospital-gui-develop\bundle\language_fr.properties
openhospital-gui-develop\bundle\language_it.properties
openhospital-gui-develop\bundle\language_pt.properties
openhospital-gui-develop\bundle\language_sw.properties
openhospital-gui-develop\bundle\language_zh_CN.properties

C:\CODE>findstr /s /r /i /m /c:"\<angal.admission.oldweightis\>" *.*
openhospital-gui-develop\bundle\language_ar.properties
openhospital-gui-develop\bundle\language_de.properties
openhospital-gui-develop\bundle\language_en.properties
openhospital-gui-develop\bundle\language_es.properties
openhospital-gui-develop\bundle\language_fr.properties
openhospital-gui-develop\bundle\language_it.properties
openhospital-gui-develop\bundle\language_pt.properties
openhospital-gui-develop\bundle\language_sw.properties
openhospital-gui-develop\bundle\language_zh_CN.properties

C:\CODE>findstr /s /r /i /m /c:"\<angal.admission.operationm\>" *.*
openhospital-gui-develop\bundle\language_ar.properties
openhospital-gui-develop\bundle\language_de.properties
openhospital-gui-develop\bundle\language_en.properties
openhospital-gui-develop\bundle\language_es.properties
openhospital-gui-develop\bundle\language_fr.properties
openhospital-gui-develop\bundle\language_it.properties
openhospital-gui-develop\bundle\language_pt.properties
openhospital-gui-develop\bundle\language_sw.properties
openhospital-gui-develop\bundle\language_zh_CN.properties

C:\CODE>findstr /s /r /i /m /c:"\<angal.admission.parsingnewweight\>" *.*
openhospital-gui-develop\bundle\language_ar.properties
openhospital-gui-develop\bundle\language_de.properties
openhospital-gui-develop\bundle\language_en.properties
openhospital-gui-develop\bundle\language_es.properties
openhospital-gui-develop\bundle\language_fr.properties
openhospital-gui-develop\bundle\language_it.properties
openhospital-gui-develop\bundle\language_pt.properties
openhospital-gui-develop\bundle\language_sw.properties
openhospital-gui-develop\bundle\language_zh_CN.properties

C:\CODE>findstr /s /r /i /m /c:"\<angal.admission.patientmustbeafemale\>" *.*
openhospital-gui-develop\bundle\language_ar.properties
openhospital-gui-develop\bundle\language_de.properties
openhospital-gui-develop\bundle\language_en.properties
openhospital-gui-develop\bundle\language_es.properties
openhospital-gui-develop\bundle\language_fr.properties
openhospital-gui-develop\bundle\language_it.properties
openhospital-gui-develop\bundle\language_pt.properties
openhospital-gui-develop\bundle\language_sw.properties
openhospital-gui-develop\bundle\language_zh_CN.properties

C:\CODE>findstr /s /r /i /m /c:"\<angal.admission.pleaseinsertavalidabortdatebetween\>" *.*
openhospital-gui-develop\bundle\language_ar.properties
openhospital-gui-develop\bundle\language_de.properties
openhospital-gui-develop\bundle\language_en.properties
openhospital-gui-develop\bundle\language_es.properties
openhospital-gui-develop\bundle\language_fr.properties
openhospital-gui-develop\bundle\language_it.properties
openhospital-gui-develop\bundle\language_pt.properties
openhospital-gui-develop\bundle\language_sw.properties
openhospital-gui-develop\bundle\language_zh_CN.properties

C:\CODE>findstr /s /r /i /m /c:"\<angal.admission.pleaseinsertavalidadmissiondate\>" *.*
openhospital-gui-develop\bundle\language_ar.properties
openhospital-gui-develop\bundle\language_de.properties
openhospital-gui-develop\bundle\language_en.properties
openhospital-gui-develop\bundle\language_es.properties
openhospital-gui-develop\bundle\language_fr.properties
openhospital-gui-develop\bundle\language_it.properties
openhospital-gui-develop\bundle\language_pt.properties
openhospital-gui-develop\bundle\language_sw.properties
openhospital-gui-develop\bundle\language_zh_CN.properties

C:\CODE>findstr /s /r /i /m /c:"\<angal.admission.pleaseinsertavalidcontroln1datebetween\>" *.*
openhospital-gui-develop\bundle\language_ar.properties
openhospital-gui-develop\bundle\language_de.properties
openhospital-gui-develop\bundle\language_en.properties
openhospital-gui-develop\bundle\language_es.properties
openhospital-gui-develop\bundle\language_fr.properties
openhospital-gui-develop\bundle\language_it.properties
openhospital-gui-develop\bundle\language_pt.properties
openhospital-gui-develop\bundle\language_sw.properties
openhospital-gui-develop\bundle\language_zh_CN.properties

C:\CODE>findstr /s /r /i /m /c:"\<angal.admission.pleaseinsertavalidcontroln2datebetween\>" *.*
openhospital-gui-develop\bundle\language_ar.properties
openhospital-gui-develop\bundle\language_de.properties
openhospital-gui-develop\bundle\language_en.properties
openhospital-gui-develop\bundle\language_es.properties
openhospital-gui-develop\bundle\language_fr.properties
openhospital-gui-develop\bundle\language_it.properties
openhospital-gui-develop\bundle\language_pt.properties
openhospital-gui-develop\bundle\language_sw.properties
openhospital-gui-develop\bundle\language_zh_CN.properties

C:\CODE>findstr /s /r /i /m /c:"\<angal.admission.pleaseinsertavaliddeliverydatebetween\>" *.*
openhospital-gui-develop\bundle\language_ar.properties
openhospital-gui-develop\bundle\language_de.properties
openhospital-gui-develop\bundle\language_en.properties
openhospital-gui-develop\bundle\language_es.properties
openhospital-gui-develop\bundle\language_fr.properties
openhospital-gui-develop\bundle\language_it.properties
openhospital-gui-develop\bundle\language_pt.properties
openhospital-gui-develop\bundle\language_sw.properties
openhospital-gui-develop\bundle\language_zh_CN.properties

C:\CODE>findstr /s /r /i /m /c:"\<angal.admission.pleaseinsertavaliddischargedate\>" *.*
openhospital-gui-develop\bundle\language_ar.properties
openhospital-gui-develop\bundle\language_de.properties
openhospital-gui-develop\bundle\language_en.properties
openhospital-gui-develop\bundle\language_es.properties
openhospital-gui-develop\bundle\language_fr.properties
openhospital-gui-develop\bundle\language_it.properties
openhospital-gui-develop\bundle\language_pt.properties
openhospital-gui-develop\bundle\language_sw.properties
openhospital-gui-develop\bundle\language_zh_CN.properties

C:\CODE>findstr /s /r /i /m /c:"\<angal.admission.pleaseinsertavalidoperationdate\>" *.*
openhospital-gui-develop\bundle\language_ar.properties
openhospital-gui-develop\bundle\language_de.properties
openhospital-gui-develop\bundle\language_en.properties
openhospital-gui-develop\bundle\language_es.properties
openhospital-gui-develop\bundle\language_fr.properties
openhospital-gui-develop\bundle\language_it.properties
openhospital-gui-develop\bundle\language_pt.properties
openhospital-gui-develop\bundle\language_sw.properties
openhospital-gui-develop\bundle\language_zh_CN.properties

C:\CODE>findstr /s /r /i /m /c:"\<angal.admission.pleaseinsertavalidoperationdatebetween\>" *.*
openhospital-gui-develop\bundle\language_ar.properties
openhospital-gui-develop\bundle\language_de.properties
openhospital-gui-develop\bundle\language_en.properties
openhospital-gui-develop\bundle\language_es.properties
openhospital-gui-develop\bundle\language_fr.properties
openhospital-gui-develop\bundle\language_it.properties
openhospital-gui-develop\bundle\language_pt.properties
openhospital-gui-develop\bundle\language_sw.properties
openhospital-gui-develop\bundle\language_zh_CN.properties

C:\CODE>findstr /s /r /i /m /c:"\<angal.admission.pleaseinsertavalidvisitdatebetween\>" *.*
openhospital-gui-develop\bundle\language_ar.properties
openhospital-gui-develop\bundle\language_de.properties
openhospital-gui-develop\bundle\language_en.properties
openhospital-gui-develop\bundle\language_es.properties
openhospital-gui-develop\bundle\language_fr.properties
openhospital-gui-develop\bundle\language_it.properties
openhospital-gui-develop\bundle\language_pt.properties
openhospital-gui-develop\bundle\language_sw.properties
openhospital-gui-develop\bundle\language_zh_CN.properties

C:\CODE>findstr /s /r /i /m /c:"\<angal.admission.pleaseinsertavalidweightvaluemust\>" *.*
openhospital-gui-develop\bundle\language_ar.properties
openhospital-gui-develop\bundle\language_de.properties
openhospital-gui-develop\bundle\language_en.properties
openhospital-gui-develop\bundle\language_es.properties
openhospital-gui-develop\bundle\language_fr.properties
openhospital-gui-develop\bundle\language_it.properties
openhospital-gui-develop\bundle\language_pt.properties
openhospital-gui-develop\bundle\language_sw.properties
openhospital-gui-develop\bundle\language_zh_CN.properties

C:\CODE>findstr /s /r /i /m /c:"\<angal.admission.pleaseselectatleastfirstdiagnosisin\>" *.*
openhospital-gui-develop\bundle\language_ar.properties
openhospital-gui-develop\bundle\language_de.properties
openhospital-gui-develop\bundle\language_en.properties
openhospital-gui-develop\bundle\language_es.properties
openhospital-gui-develop\bundle\language_fr.properties
openhospital-gui-develop\bundle\language_it.properties
openhospital-gui-develop\bundle\language_pt.properties
openhospital-gui-develop\bundle\language_sw.properties
openhospital-gui-develop\bundle\language_zh_CN.properties

C:\CODE>findstr /s /r /i /m /c:"\<angal.admission.pleaseselectpatient\>" *.*
openhospital-gui-develop\bundle\language_en.properties
openhospital-gui-develop\bundle\language_it.properties

C:\CODE>findstr /s /r /i /m /c:"\<angal.admission.poor\>" *.*
openhospital-gui-develop\bundle\language_ar.properties
openhospital-gui-develop\bundle\language_de.properties
openhospital-gui-develop\bundle\language_en.properties
openhospital-gui-develop\bundle\language_es.properties
openhospital-gui-develop\bundle\language_fr.properties
openhospital-gui-develop\bundle\language_it.properties
openhospital-gui-develop\bundle\language_pt.properties
openhospital-gui-develop\bundle\language_sw.properties
openhospital-gui-develop\bundle\language_zh_CN.properties

C:\CODE>findstr /s /r /i /m /c:"\<angal.admission.rich\>" *.*
openhospital-gui-develop\bundle\language_ar.properties
openhospital-gui-develop\bundle\language_de.properties
openhospital-gui-develop\bundle\language_en.properties
openhospital-gui-develop\bundle\language_es.properties
openhospital-gui-develop\bundle\language_fr.properties
openhospital-gui-develop\bundle\language_it.properties
openhospital-gui-develop\bundle\language_pt.properties
openhospital-gui-develop\bundle\language_sw.properties
openhospital-gui-develop\bundle\language_zh_CN.properties

C:\CODE>findstr /s /r /i /m /c:"\<angal.admission.select\>" *.*
openhospital-gui-develop\bundle\language_ar.properties
openhospital-gui-develop\bundle\language_de.properties
openhospital-gui-develop\bundle\language_en.properties
openhospital-gui-develop\bundle\language_es.properties
openhospital-gui-develop\bundle\language_fr.properties
openhospital-gui-develop\bundle\language_it.properties
openhospital-gui-develop\bundle\language_pt.properties
openhospital-gui-develop\bundle\language_sw.properties
openhospital-gui-develop\bundle\language_zh_CN.properties

C:\CODE>findstr /s /r /i /m /c:"\<angal.admission.status\>" *.*
openhospital-gui-develop\bundle\language_ar.properties
openhospital-gui-develop\bundle\language_de.properties
openhospital-gui-develop\bundle\language_en.properties
openhospital-gui-develop\bundle\language_es.properties
openhospital-gui-develop\bundle\language_fr.properties
openhospital-gui-develop\bundle\language_it.properties
openhospital-gui-develop\bundle\language_pt.properties
openhospital-gui-develop\bundle\language_sw.properties
openhospital-gui-develop\bundle\language_zh_CN.properties

C:\CODE>findstr /s /r /i /m /c:"\<angal.admission.stop\>" *.*
openhospital-gui-develop\bundle\language_ar.properties
openhospital-gui-develop\bundle\language_de.properties
openhospital-gui-develop\bundle\language_en.properties
openhospital-gui-develop\bundle\language_es.properties
openhospital-gui-develop\bundle\language_fr.properties
openhospital-gui-develop\bundle\language_it.properties
openhospital-gui-develop\bundle\language_pt.properties
openhospital-gui-develop\bundle\language_sw.properties
openhospital-gui-develop\bundle\language_zh_CN.properties

C:\CODE>findstr /s /r /i /m /c:"\<angal.admission.theselectedadmissionhasnoconcernwithmalnutrit\>" *.*
openhospital-gui-develop\bundle\language_ar.properties
openhospital-gui-develop\bundle\language_de.properties
openhospital-gui-develop\bundle\language_en.properties
openhospital-gui-develop\bundle\language_es.properties
openhospital-gui-develop\bundle\language_fr.properties
openhospital-gui-develop\bundle\language_it.properties
openhospital-gui-develop\bundle\language_pt.properties
openhospital-gui-develop\bundle\language_sw.properties
openhospital-gui-develop\bundle\language_zh_CN.properties

C:\CODE>findstr /s /r /i /m /c:"\<angal.admission.wardis\>" *.*
openhospital-gui-develop\bundle\language_ar.properties
openhospital-gui-develop\bundle\language_de.properties
openhospital-gui-develop\bundle\language_en.properties
openhospital-gui-develop\bundle\language_es.properties
openhospital-gui-develop\bundle\language_fr.properties
openhospital-gui-develop\bundle\language_it.properties
openhospital-gui-develop\bundle\language_pt.properties
openhospital-gui-develop\bundle\language_sw.properties
openhospital-gui-develop\bundle\language_zh_CN.properties

C:\CODE>findstr /s /r /i /m /c:"\<angal.admission.weneed\>" *.*
openhospital-gui-develop\bundle\language_ar.properties
openhospital-gui-develop\bundle\language_de.properties
openhospital-gui-develop\bundle\language_en.properties
openhospital-gui-develop\bundle\language_es.properties
openhospital-gui-develop\bundle\language_fr.properties
openhospital-gui-develop\bundle\language_it.properties
openhospital-gui-develop\bundle\language_pt.properties
openhospital-gui-develop\bundle\language_sw.properties
openhospital-gui-develop\bundle\language_zh_CN.properties

C:\CODE>findstr /s /r /i /m /c:"\<angal.agetype.agetypeedit\>" *.*
openhospital-gui-develop\bundle\language_ar.properties
openhospital-gui-develop\bundle\language_de.properties
openhospital-gui-develop\bundle\language_en.properties
openhospital-gui-develop\bundle\language_es.properties
openhospital-gui-develop\bundle\language_fr.properties
openhospital-gui-develop\bundle\language_it.properties
openhospital-gui-develop\bundle\language_pt.properties
openhospital-gui-develop\bundle\language_sw.properties
openhospital-gui-develop\bundle\language_zh_CN.properties

C:\CODE>findstr /s /r /i /m /c:"\<angal.agetype.child\>" *.*
openhospital-gui-develop\bundle\language_ar.properties
openhospital-gui-develop\bundle\language_de.properties
openhospital-gui-develop\bundle\language_en.properties
openhospital-gui-develop\bundle\language_es.properties
openhospital-gui-develop\bundle\language_fr.properties
openhospital-gui-develop\bundle\language_it.properties
openhospital-gui-develop\bundle\language_pt.properties
openhospital-gui-develop\bundle\language_sw.properties
openhospital-gui-develop\bundle\language_zh_CN.properties

C:\CODE>findstr /s /r /i /m /c:"\<angal.agetype.deleterow\>" *.*
openhospital-gui-develop\bundle\language_ar.properties
openhospital-gui-develop\bundle\language_de.properties
openhospital-gui-develop\bundle\language_en.properties
openhospital-gui-develop\bundle\language_es.properties
openhospital-gui-develop\bundle\language_fr.properties
openhospital-gui-develop\bundle\language_it.properties
openhospital-gui-develop\bundle\language_pt.properties
openhospital-gui-develop\bundle\language_sw.properties
openhospital-gui-develop\bundle\language_zh_CN.properties

C:\CODE>findstr /s /r /i /m /c:"\<angal.agetype.editingagetyperecord\>" *.*
openhospital-gui-develop\bundle\language_ar.properties
openhospital-gui-develop\bundle\language_de.properties
openhospital-gui-develop\bundle\language_en.properties
openhospital-gui-develop\bundle\language_es.properties
openhospital-gui-develop\bundle\language_fr.properties
openhospital-gui-develop\bundle\language_it.properties
openhospital-gui-develop\bundle\language_pt.properties
openhospital-gui-develop\bundle\language_sw.properties
openhospital-gui-develop\bundle\language_zh_CN.properties

C:\CODE>findstr /s /r /i /m /c:"\<angal.agetype.newagetyperecord\>" *.*
openhospital-gui-develop\bundle\language_ar.properties
openhospital-gui-develop\bundle\language_de.properties
openhospital-gui-develop\bundle\language_en.properties
openhospital-gui-develop\bundle\language_es.properties
openhospital-gui-develop\bundle\language_fr.properties
openhospital-gui-develop\bundle\language_it.properties
openhospital-gui-develop\bundle\language_pt.properties
openhospital-gui-develop\bundle\language_sw.properties
openhospital-gui-develop\bundle\language_zh_CN.properties

C:\CODE>findstr /s /r /i /m /c:"\<angal.agetype.pleaseinsertadescription\>" *.*
openhospital-gui-develop\bundle\language_ar.properties
openhospital-gui-develop\bundle\language_de.properties
openhospital-gui-develop\bundle\language_en.properties
openhospital-gui-develop\bundle\language_es.properties
openhospital-gui-develop\bundle\language_fr.properties
openhospital-gui-develop\bundle\language_it.properties
openhospital-gui-develop\bundle\language_pt.properties
openhospital-gui-develop\bundle\language_sw.properties
openhospital-gui-develop\bundle\language_zh_CN.properties

C:\CODE>findstr /s /r /i /m /c:"\<angal.billbrowser.billalreadyclosed\>" *.*
openhospital-gui-develop\bundle\language_ar.properties
openhospital-gui-develop\bundle\language_de.properties
openhospital-gui-develop\bundle\language_en.properties
openhospital-gui-develop\bundle\language_es.properties
openhospital-gui-develop\bundle\language_fr.properties
openhospital-gui-develop\bundle\language_it.properties
openhospital-gui-develop\bundle\language_pt.properties
openhospital-gui-develop\bundle\language_sw.properties
openhospital-gui-develop\bundle\language_zh_CN.properties

C:\CODE>findstr /s /r /i /m /c:"\<angal.billbrowser.from\>" *.*
openhospital-gui-develop\bundle\language_ar.properties
openhospital-gui-develop\bundle\language_de.properties
openhospital-gui-develop\bundle\language_en.properties
openhospital-gui-develop\bundle\language_es.properties
openhospital-gui-develop\bundle\language_fr.properties
openhospital-gui-develop\bundle\language_it.properties
openhospital-gui-develop\bundle\language_pt.properties
openhospital-gui-develop\bundle\language_sw.properties
openhospital-gui-develop\bundle\language_zh_CN.properties

C:\CODE>findstr /s /r /i /m /c:"\<angal.billbrowser.openbillsreport\>" *.*
openhospital-gui-develop\bundle\language_ar.properties
openhospital-gui-develop\bundle\language_de.properties
openhospital-gui-develop\bundle\language_en.properties
openhospital-gui-develop\bundle\language_es.properties
openhospital-gui-develop\bundle\language_fr.properties
openhospital-gui-develop\bundle\language_it.properties
openhospital-gui-develop\bundle\language_pt.properties
openhospital-gui-develop\bundle\language_sw.properties
openhospital-gui-develop\bundle\language_zh_CN.properties

C:\CODE>findstr /s /r /i /m /c:"\<angal.billbrowser.openedbillslist\>" *.*
openhospital-gui-develop\bundle\language_ar.properties
openhospital-gui-develop\bundle\language_de.properties
openhospital-gui-develop\bundle\language_en.properties
openhospital-gui-develop\bundle\language_es.properties
openhospital-gui-develop\bundle\language_fr.properties
openhospital-gui-develop\bundle\language_it.properties
openhospital-gui-develop\bundle\language_pt.properties
openhospital-gui-develop\bundle\language_sw.properties
openhospital-gui-develop\bundle\language_zh_CN.properties

C:\CODE>findstr /s /r /i /m /c:"\<angal.billbrowser.pleaseselectamonth\>" *.*
openhospital-gui-develop\bundle\language_ar.properties
openhospital-gui-develop\bundle\language_de.properties
openhospital-gui-develop\bundle\language_en.properties
openhospital-gui-develop\bundle\language_es.properties
openhospital-gui-develop\bundle\language_fr.properties
openhospital-gui-develop\bundle\language_it.properties
openhospital-gui-develop\bundle\language_pt.properties
openhospital-gui-develop\bundle\language_sw.properties
openhospital-gui-develop\bundle\language_zh_CN.properties

C:\CODE>findstr /s /r /i /m /c:"\<angal.billbrowser.to\>" *.*
openhospital-gui-develop\bundle\language_ar.properties
openhospital-gui-develop\bundle\language_de.properties
openhospital-gui-develop\bundle\language_en.properties
openhospital-gui-develop\bundle\language_es.properties
openhospital-gui-develop\bundle\language_fr.properties
openhospital-gui-develop\bundle\language_it.properties
openhospital-gui-develop\bundle\language_pt.properties
openhospital-gui-develop\bundle\language_sw.properties
openhospital-gui-develop\bundle\language_zh_CN.properties

C:\CODE>findstr /s /r /i /m /c:"\<angal.billbrowser.update\>" *.*
openhospital-gui-develop\bundle\language_ar.properties
openhospital-gui-develop\bundle\language_de.properties
openhospital-gui-develop\bundle\language_en.properties
openhospital-gui-develop\bundle\language_es.properties
openhospital-gui-develop\bundle\language_fr.properties
openhospital-gui-develop\bundle\language_it.properties
openhospital-gui-develop\bundle\language_pt.properties
openhospital-gui-develop\bundle\language_sw.properties
openhospital-gui-develop\bundle\language_zh_CN.properties

C:\CODE>findstr /s /r /i /m /c:"\<angal.common.descriptionstar\>" *.*
openhospital-gui-develop\bundle\language_ar.properties
openhospital-gui-develop\bundle\language_de.properties
openhospital-gui-develop\bundle\language_en.properties
openhospital-gui-develop\bundle\language_es.properties
openhospital-gui-develop\bundle\language_fr.properties
openhospital-gui-develop\bundle\language_it.properties
openhospital-gui-develop\bundle\language_pt.properties
openhospital-gui-develop\bundle\language_sw.properties
openhospital-gui-develop\bundle\language_zh_CN.properties

C:\CODE>findstr /s /r /i /m /c:"\<angal.common.todaym\>" *.*
openhospital-gui-develop\bundle\language_ar.properties
openhospital-gui-develop\bundle\language_de.properties
openhospital-gui-develop\bundle\language_en.properties
openhospital-gui-develop\bundle\language_es.properties
openhospital-gui-develop\bundle\language_fr.properties
openhospital-gui-develop\bundle\language_it.properties
openhospital-gui-develop\bundle\language_pt.properties
openhospital-gui-develop\bundle\language_sw.properties
openhospital-gui-develop\bundle\language_zh_CN.properties

C:\CODE>findstr /s /r /i /m /c:"\<angal.common.uom.meter\>" *.*
openhospital-gui-develop\bundle\language_ar.properties
openhospital-gui-develop\bundle\language_de.properties
openhospital-gui-develop\bundle\language_en.properties
openhospital-gui-develop\bundle\language_es.properties
openhospital-gui-develop\bundle\language_fr.properties
openhospital-gui-develop\bundle\language_it.properties
openhospital-gui-develop\bundle\language_pt.properties
openhospital-gui-develop\bundle\language_sw.properties

C:\CODE>findstr /s /r /i /m /c:"\<angal.dicom.image.patient.surname\>" *.*
openhospital-gui-develop\bundle\language_ar.properties
openhospital-gui-develop\bundle\language_de.properties
openhospital-gui-develop\bundle\language_en.properties
openhospital-gui-develop\bundle\language_es.properties
openhospital-gui-develop\bundle\language_fr.properties
openhospital-gui-develop\bundle\language_it.properties
openhospital-gui-develop\bundle\language_pt.properties
openhospital-gui-develop\bundle\language_sw.properties
openhospital-gui-develop\bundle\language_zh_CN.properties

C:\CODE>findstr /s /r /i /m /c:"\<angal.dicom.noconn\>" *.*
openhospital-gui-develop\bundle\language_ar.properties
openhospital-gui-develop\bundle\language_de.properties
openhospital-gui-develop\bundle\language_en.properties
openhospital-gui-develop\bundle\language_es.properties
openhospital-gui-develop\bundle\language_fr.properties
openhospital-gui-develop\bundle\language_it.properties
openhospital-gui-develop\bundle\language_pt.properties
openhospital-gui-develop\bundle\language_sw.properties
openhospital-gui-develop\bundle\language_zh_CN.properties

C:\CODE>findstr /s /r /i /m /c:"\<angal.dicomtype.codem\>" *.*
openhospital-gui-develop\bundle\language_ar.properties
openhospital-gui-develop\bundle\language_de.properties
openhospital-gui-develop\bundle\language_en.properties
openhospital-gui-develop\bundle\language_es.properties
openhospital-gui-develop\bundle\language_fr.properties
openhospital-gui-develop\bundle\language_it.properties
openhospital-gui-develop\bundle\language_pt.properties
openhospital-gui-develop\bundle\language_sw.properties

C:\CODE>findstr /s /r /i /m /c:"\<angal.dicomtype.codetoolongmaxchars\>" *.*
openhospital-gui-develop\bundle\language_de.properties
openhospital-gui-develop\bundle\language_en.properties
openhospital-gui-develop\bundle\language_es.properties
openhospital-gui-develop\bundle\language_fr.properties
openhospital-gui-develop\bundle\language_it.properties
openhospital-gui-develop\bundle\language_pt.properties
openhospital-gui-develop\bundle\language_sw.properties

C:\CODE>findstr /s /r /i /m /c:"\<angal.dicomtype.youcannotdeletethisrecord\>" *.*
openhospital-gui-develop\bundle\language_ar.properties
openhospital-gui-develop\bundle\language_de.properties
openhospital-gui-develop\bundle\language_en.properties
openhospital-gui-develop\bundle\language_es.properties
openhospital-gui-develop\bundle\language_fr.properties
openhospital-gui-develop\bundle\language_it.properties
openhospital-gui-develop\bundle\language_pt.properties
openhospital-gui-develop\bundle\language_sw.properties

C:\CODE>findstr /s /r /i /m /c:"\<angal.disctype.codemaxchars\>" *.*
openhospital-gui-develop\bundle\language_ar.properties
openhospital-gui-develop\bundle\language_de.properties
openhospital-gui-develop\bundle\language_en.properties
openhospital-gui-develop\bundle\language_es.properties
openhospital-gui-develop\bundle\language_fr.properties
openhospital-gui-develop\bundle\language_it.properties
openhospital-gui-develop\bundle\language_pt.properties
openhospital-gui-develop\bundle\language_sw.properties
openhospital-gui-develop\bundle\language_zh_CN.properties

C:\CODE>findstr /s /r /i /m /c:"\<angal.disease.doyouwanttooverwritethedata\>" *.*
openhospital-gui-develop\bundle\language_ar.properties
openhospital-gui-develop\bundle\language_de.properties
openhospital-gui-develop\bundle\language_en.properties
openhospital-gui-develop\bundle\language_es.properties
openhospital-gui-develop\bundle\language_fr.properties
openhospital-gui-develop\bundle\language_it.properties
openhospital-gui-develop\bundle\language_pt.properties
openhospital-gui-develop\bundle\language_sw.properties
openhospital-gui-develop\bundle\language_zh_CN.properties

C:\CODE>findstr /s /r /i /m /c:"\<angal.disease.select\>" *.*
openhospital-gui-develop\bundle\language_ar.properties
openhospital-gui-develop\bundle\language_de.properties
openhospital-gui-develop\bundle\language_en.properties
openhospital-gui-develop\bundle\language_es.properties
openhospital-gui-develop\bundle\language_fr.properties
openhospital-gui-develop\bundle\language_it.properties
openhospital-gui-develop\bundle\language_pt.properties
openhospital-gui-develop\bundle\language_sw.properties
openhospital-gui-develop\bundle\language_zh_CN.properties

C:\CODE>findstr /s /r /i /m /c:"\<angal.dlvrrestype.codetoolongmaxchars\>" *.*
openhospital-gui-develop\bundle\language_ar.properties
openhospital-gui-develop\bundle\language_de.properties
openhospital-gui-develop\bundle\language_en.properties
openhospital-gui-develop\bundle\language_es.properties
openhospital-gui-develop\bundle\language_fr.properties
openhospital-gui-develop\bundle\language_it.properties
openhospital-gui-develop\bundle\language_pt.properties
openhospital-gui-develop\bundle\language_sw.properties
openhospital-gui-develop\bundle\language_zh_CN.properties

C:\CODE>findstr /s /r /i /m /c:"\<angal.exa.doyouwanttooverwritethedata\>" *.*
openhospital-gui-develop\bundle\language_ar.properties
openhospital-gui-develop\bundle\language_de.properties
openhospital-gui-develop\bundle\language_en.properties
openhospital-gui-develop\bundle\language_es.properties
openhospital-gui-develop\bundle\language_fr.properties
openhospital-gui-develop\bundle\language_it.properties
openhospital-gui-develop\bundle\language_pt.properties
openhospital-gui-develop\bundle\language_sw.properties
openhospital-gui-develop\bundle\language_zh_CN.properties

C:\CODE>findstr /s /r /i /m /c:"\<angal.exa.select\>" *.*
openhospital-gui-develop\bundle\language_ar.properties
openhospital-gui-develop\bundle\language_de.properties
openhospital-gui-develop\bundle\language_en.properties
openhospital-gui-develop\bundle\language_es.properties
openhospital-gui-develop\bundle\language_fr.properties
openhospital-gui-develop\bundle\language_it.properties
openhospital-gui-develop\bundle\language_pt.properties
openhospital-gui-develop\bundle\language_sw.properties
openhospital-gui-develop\bundle\language_zh_CN.properties

C:\CODE>findstr /s /r /i /m /c:"\<angal.examination.auscultation.unknown\>" *.*
openhospital-gui-develop\bundle\language_ar.properties
openhospital-gui-develop\bundle\language_en.properties
openhospital-gui-develop\bundle\language_it.properties

C:\CODE>findstr /s /r /i /m /c:"\<angal.examination.hemoglucosetest\>" *.*
openhospital-gui-develop\bundle\language_ar.properties
openhospital-gui-develop\bundle\language_de.properties
openhospital-gui-develop\bundle\language_en.properties
openhospital-gui-develop\bundle\language_es.properties
openhospital-gui-develop\bundle\language_fr.properties
openhospital-gui-develop\bundle\language_it.properties
openhospital-gui-develop\bundle\language_pt.properties
openhospital-gui-develop\bundle\language_sw.properties

C:\CODE>findstr /s /r /i /m /c:"\<angal.exatype.codetoolongmaxchars\>" *.*
openhospital-gui-develop\bundle\language_ar.properties
openhospital-gui-develop\bundle\language_de.properties
openhospital-gui-develop\bundle\language_en.properties
openhospital-gui-develop\bundle\language_es.properties
openhospital-gui-develop\bundle\language_fr.properties
openhospital-gui-develop\bundle\language_it.properties
openhospital-gui-develop\bundle\language_pt.properties
openhospital-gui-develop\bundle\language_sw.properties
openhospital-gui-develop\bundle\language_zh_CN.properties

C:\CODE>findstr /s /r /i /m /c:"\<angal.lab.errorreleasingconnection\>" *.*
openhospital-gui-develop\bundle\language_ar.properties
openhospital-gui-develop\bundle\language_de.properties
openhospital-gui-develop\bundle\language_en.properties
openhospital-gui-develop\bundle\language_es.properties
openhospital-gui-develop\bundle\language_fr.properties
openhospital-gui-develop\bundle\language_it.properties
openhospital-gui-develop\bundle\language_pt.properties
openhospital-gui-develop\bundle\language_sw.properties
openhospital-gui-develop\bundle\language_zh_CN.properties

C:\CODE>findstr /s /r /i /m /c:"\<angal.lab.errorrollbackingconnection\>" *.*
openhospital-gui-develop\bundle\language_ar.properties
openhospital-gui-develop\bundle\language_de.properties
openhospital-gui-develop\bundle\language_en.properties
openhospital-gui-develop\bundle\language_es.properties
openhospital-gui-develop\bundle\language_fr.properties
openhospital-gui-develop\bundle\language_it.properties
openhospital-gui-develop\bundle\language_pt.properties
openhospital-gui-develop\bundle\language_sw.properties
openhospital-gui-develop\bundle\language_zh_CN.properties

C:\CODE>findstr /s /r /i /m /c:"\<angal.lab.exporttopdffile\>" *.*
openhospital-gui-develop\bundle\language_ar.properties
openhospital-gui-develop\bundle\language_de.properties
openhospital-gui-develop\bundle\language_en.properties
openhospital-gui-develop\bundle\language_es.properties
openhospital-gui-develop\bundle\language_fr.properties
openhospital-gui-develop\bundle\language_it.properties
openhospital-gui-develop\bundle\language_pt.properties
openhospital-gui-develop\bundle\language_sw.properties
openhospital-gui-develop\bundle\language_zh_CN.properties

C:\CODE>findstr /s /r /i /m /c:"\<angal.lab.from\>" *.*
openhospital-gui-develop\bundle\language_ar.properties
openhospital-gui-develop\bundle\language_de.properties
openhospital-gui-develop\bundle\language_en.properties
openhospital-gui-develop\bundle\language_es.properties
openhospital-gui-develop\bundle\language_fr.properties
openhospital-gui-develop\bundle\language_it.properties
openhospital-gui-develop\bundle\language_pt.properties
openhospital-gui-develop\bundle\language_sw.properties
openhospital-gui-develop\bundle\language_zh_CN.properties

C:\CODE>findstr /s /r /i /m /c:"\<angal.lab.greaterthan\>" *.*
openhospital-gui-develop\bundle\language_ar.properties
openhospital-gui-develop\bundle\language_de.properties
openhospital-gui-develop\bundle\language_en.properties
openhospital-gui-develop\bundle\language_es.properties
openhospital-gui-develop\bundle\language_fr.properties
openhospital-gui-develop\bundle\language_it.properties
openhospital-gui-develop\bundle\language_pt.properties
openhospital-gui-develop\bundle\language_sw.properties
openhospital-gui-develop\bundle\language_zh_CN.properties

C:\CODE>findstr /s /r /i /m /c:"\<angal.lab.high\>" *.*
openhospital-gui-develop\bundle\language_ar.properties
openhospital-gui-develop\bundle\language_de.properties
openhospital-gui-develop\bundle\language_en.properties
openhospital-gui-develop\bundle\language_es.properties
openhospital-gui-develop\bundle\language_fr.properties
openhospital-gui-develop\bundle\language_it.properties
openhospital-gui-develop\bundle\language_pt.properties
openhospital-gui-develop\bundle\language_sw.properties
openhospital-gui-develop\bundle\language_zh_CN.properties

C:\CODE>findstr /s /r /i /m /c:"\<angal.lab.laboratoryprinting\>" *.*
openhospital-gui-develop\bundle\language_ar.properties
openhospital-gui-develop\bundle\language_de.properties
openhospital-gui-develop\bundle\language_en.properties
openhospital-gui-develop\bundle\language_es.properties
openhospital-gui-develop\bundle\language_fr.properties
openhospital-gui-develop\bundle\language_it.properties
openhospital-gui-develop\bundle\language_pt.properties
openhospital-gui-develop\bundle\language_sw.properties
openhospital-gui-develop\bundle\language_zh_CN.properties

C:\CODE>findstr /s /r /i /m /c:"\<angal.lab.lessthan\>" *.*
openhospital-gui-develop\bundle\language_ar.properties
openhospital-gui-develop\bundle\language_de.properties
openhospital-gui-develop\bundle\language_en.properties
openhospital-gui-develop\bundle\language_es.properties
openhospital-gui-develop\bundle\language_fr.properties
openhospital-gui-develop\bundle\language_it.properties
openhospital-gui-develop\bundle\language_pt.properties
openhospital-gui-develop\bundle\language_sw.properties
openhospital-gui-develop\bundle\language_zh_CN.properties

C:\CODE>findstr /s /r /i /m /c:"\<angal.lab.low\>" *.*
openhospital-gui-develop\bundle\language_ar.properties
openhospital-gui-develop\bundle\language_de.properties
openhospital-gui-develop\bundle\language_en.properties
openhospital-gui-develop\bundle\language_es.properties
openhospital-gui-develop\bundle\language_fr.properties
openhospital-gui-develop\bundle\language_it.properties
openhospital-gui-develop\bundle\language_pt.properties
openhospital-gui-develop\bundle\language_sw.properties
openhospital-gui-develop\bundle\language_zh_CN.properties

C:\CODE>findstr /s /r /i /m /c:"\<angal.lab.negative\>" *.*
openhospital-gui-develop\bundle\language_ar.properties
openhospital-gui-develop\bundle\language_de.properties
openhospital-gui-develop\bundle\language_en.properties
openhospital-gui-develop\bundle\language_es.properties
openhospital-gui-develop\bundle\language_fr.properties
openhospital-gui-develop\bundle\language_it.properties
openhospital-gui-develop\bundle\language_pt.properties
openhospital-gui-develop\bundle\language_sw.properties
openhospital-gui-develop\bundle\language_zh_CN.properties

C:\CODE>findstr /s /r /i /m /c:"\<angal.lab.notreactive\>" *.*
openhospital-gui-develop\bundle\language_ar.properties
openhospital-gui-develop\bundle\language_de.properties
openhospital-gui-develop\bundle\language_en.properties
openhospital-gui-develop\bundle\language_es.properties
openhospital-gui-develop\bundle\language_fr.properties
openhospital-gui-develop\bundle\language_it.properties
openhospital-gui-develop\bundle\language_pt.properties
openhospital-gui-develop\bundle\language_sw.properties
openhospital-gui-develop\bundle\language_zh_CN.properties

C:\CODE>findstr /s /r /i /m /c:"\<angal.lab.openwithjasperReport\>" *.*
openhospital-gui-develop\bundle\language_ar.properties
openhospital-gui-develop\bundle\language_de.properties
openhospital-gui-develop\bundle\language_en.properties
openhospital-gui-develop\bundle\language_es.properties
openhospital-gui-develop\bundle\language_fr.properties
openhospital-gui-develop\bundle\language_it.properties
openhospital-gui-develop\bundle\language_pt.properties
openhospital-gui-develop\bundle\language_sw.properties
openhospital-gui-develop\bundle\language_zh_CN.properties

C:\CODE>findstr /s /r /i /m /c:"\<angal.lab.printreport\>" *.*
openhospital-gui-develop\bundle\language_ar.properties
openhospital-gui-develop\bundle\language_de.properties
openhospital-gui-develop\bundle\language_en.properties
openhospital-gui-develop\bundle\language_es.properties
openhospital-gui-develop\bundle\language_fr.properties
openhospital-gui-develop\bundle\language_it.properties
openhospital-gui-develop\bundle\language_pt.properties
openhospital-gui-develop\bundle\language_sw.properties
openhospital-gui-develop\bundle\language_zh_CN.properties

C:\CODE>findstr /s /r /i /m /c:"\<angal.lab.reactive\>" *.*
openhospital-gui-develop\bundle\language_ar.properties
openhospital-gui-develop\bundle\language_de.properties
openhospital-gui-develop\bundle\language_en.properties
openhospital-gui-develop\bundle\language_es.properties
openhospital-gui-develop\bundle\language_fr.properties
openhospital-gui-develop\bundle\language_it.properties
openhospital-gui-develop\bundle\language_pt.properties
openhospital-gui-develop\bundle\language_sw.properties
openhospital-gui-develop\bundle\language_zh_CN.properties

C:\CODE>findstr /s /r /i /m /c:"\<angal.lab.to\>" *.*
openhospital-gui-develop\bundle\language_ar.properties
openhospital-gui-develop\bundle\language_de.properties
openhospital-gui-develop\bundle\language_en.properties
openhospital-gui-develop\bundle\language_es.properties
openhospital-gui-develop\bundle\language_fr.properties
openhospital-gui-develop\bundle\language_it.properties
openhospital-gui-develop\bundle\language_pt.properties
openhospital-gui-develop\bundle\language_sw.properties
openhospital-gui-develop\bundle\language_zh_CN.properties

C:\CODE>findstr /s /r /i /m /c:"\<angal.labnew.examhasbeenchangedwouldyouliketosavechanges\>" *.*
openhospital-gui-develop\bundle\language_ar.properties
openhospital-gui-develop\bundle\language_de.properties
openhospital-gui-develop\bundle\language_en.properties
openhospital-gui-develop\bundle\language_es.properties
openhospital-gui-develop\bundle\language_fr.properties
openhospital-gui-develop\bundle\language_it.properties
openhospital-gui-develop\bundle\language_pt.properties
openhospital-gui-develop\bundle\language_sw.properties
openhospital-gui-develop\bundle\language_zh_CN.properties

C:\CODE>findstr /s /r /i /m /c:"\<angal.labnew.pleaseinsertadate\>" *.*
openhospital-gui-develop\bundle\language_ar.properties
openhospital-gui-develop\bundle\language_de.properties
openhospital-gui-develop\bundle\language_en.properties
openhospital-gui-develop\bundle\language_es.properties
openhospital-gui-develop\bundle\language_fr.properties
openhospital-gui-develop\bundle\language_it.properties
openhospital-gui-develop\bundle\language_pt.properties
openhospital-gui-develop\bundle\language_sw.properties
openhospital-gui-develop\bundle\language_zh_CN.properties

C:\CODE>findstr /s /r /i /m /c:"\<angal.labnew.selectamaterial\>" *.*
openhospital-gui-develop\bundle\language_ar.properties
openhospital-gui-develop\bundle\language_de.properties
openhospital-gui-develop\bundle\language_en.properties
openhospital-gui-develop\bundle\language_es.properties
openhospital-gui-develop\bundle\language_fr.properties
openhospital-gui-develop\bundle\language_it.properties
openhospital-gui-develop\bundle\language_pt.properties
openhospital-gui-develop\bundle\language_sw.properties
openhospital-gui-develop\bundle\language_zh_CN.properties

C:\CODE>findstr /s /r /i /m /c:"\<angal.labnew.selectanexam\>" *.*
openhospital-gui-develop\bundle\language_ar.properties
openhospital-gui-develop\bundle\language_de.properties
openhospital-gui-develop\bundle\language_en.properties
openhospital-gui-develop\bundle\language_es.properties
openhospital-gui-develop\bundle\language_fr.properties
openhospital-gui-develop\bundle\language_it.properties
openhospital-gui-develop\bundle\language_pt.properties
openhospital-gui-develop\bundle\language_sw.properties
openhospital-gui-develop\bundle\language_zh_CN.properties

C:\CODE>findstr /s /r /i /m /c:"\<angal.labnew.selectaresult\>" *.*
openhospital-gui-develop\bundle\language_ar.properties
openhospital-gui-develop\bundle\language_de.properties
openhospital-gui-develop\bundle\language_en.properties
openhospital-gui-develop\bundle\language_es.properties
openhospital-gui-develop\bundle\language_fr.properties
openhospital-gui-develop\bundle\language_it.properties
openhospital-gui-develop\bundle\language_pt.properties
openhospital-gui-develop\bundle\language_sw.properties
openhospital-gui-develop\bundle\language_zh_CN.properties

C:\CODE>findstr /s /r /i /m /c:"\<angal.malnutrition.doyouwanttooverwritethedata\>" *.*
openhospital-gui-develop\bundle\language_ar.properties
openhospital-gui-develop\bundle\language_de.properties
openhospital-gui-develop\bundle\language_en.properties
openhospital-gui-develop\bundle\language_es.properties
openhospital-gui-develop\bundle\language_fr.properties
openhospital-gui-develop\bundle\language_it.properties
openhospital-gui-develop\bundle\language_pt.properties
openhospital-gui-develop\bundle\language_sw.properties
openhospital-gui-develop\bundle\language_zh_CN.properties

C:\CODE>findstr /s /r /i /m /c:"\<angal.malnutrition.heightandweight\>" *.*
openhospital-gui-develop\bundle\language_ar.properties
openhospital-gui-develop\bundle\language_de.properties
openhospital-gui-develop\bundle\language_en.properties
openhospital-gui-develop\bundle\language_es.properties
openhospital-gui-develop\bundle\language_fr.properties
openhospital-gui-develop\bundle\language_it.properties
openhospital-gui-develop\bundle\language_pt.properties
openhospital-gui-develop\bundle\language_sw.properties
openhospital-gui-develop\bundle\language_zh_CN.properties

C:\CODE>findstr /s /r /i /m /c:"\<angal.malnutrition.lastcontrol\>" *.*
openhospital-gui-develop\bundle\language_ar.properties
openhospital-gui-develop\bundle\language_de.properties
openhospital-gui-develop\bundle\language_en.properties
openhospital-gui-develop\bundle\language_es.properties
openhospital-gui-develop\bundle\language_fr.properties
openhospital-gui-develop\bundle\language_it.properties
openhospital-gui-develop\bundle\language_pt.properties
openhospital-gui-develop\bundle\language_sw.properties
openhospital-gui-develop\bundle\language_zh_CN.properties

C:\CODE>findstr /s /r /i /m /c:"\<angal.malnutrition.select\>" *.*
openhospital-gui-develop\bundle\language_ar.properties
openhospital-gui-develop\bundle\language_de.properties
openhospital-gui-develop\bundle\language_en.properties
openhospital-gui-develop\bundle\language_es.properties
openhospital-gui-develop\bundle\language_fr.properties
openhospital-gui-develop\bundle\language_it.properties
openhospital-gui-develop\bundle\language_pt.properties
openhospital-gui-develop\bundle\language_sw.properties
openhospital-gui-develop\bundle\language_zh_CN.properties

C:\CODE>findstr /s /r /i /m /c:"\<angal.medicals.doyouwanttooverwritethedata\>" *.*
openhospital-gui-develop\bundle\language_ar.properties
openhospital-gui-develop\bundle\language_de.properties
openhospital-gui-develop\bundle\language_en.properties
openhospital-gui-develop\bundle\language_es.properties
openhospital-gui-develop\bundle\language_fr.properties
openhospital-gui-develop\bundle\language_it.properties
openhospital-gui-develop\bundle\language_pt.properties
openhospital-gui-develop\bundle\language_sw.properties
openhospital-gui-develop\bundle\language_zh_CN.properties

C:\CODE>findstr /s /r /i /m /c:"\<angal.medicals.import\>" *.*
openhospital-gui-develop\bundle\language_ar.properties
openhospital-gui-develop\bundle\language_de.properties
openhospital-gui-develop\bundle\language_en.properties
openhospital-gui-develop\bundle\language_es.properties
openhospital-gui-develop\bundle\language_fr.properties
openhospital-gui-develop\bundle\language_it.properties
openhospital-gui-develop\bundle\language_pt.properties
openhospital-gui-develop\bundle\language_sw.properties
openhospital-gui-develop\bundle\language_zh_CN.properties

C:\CODE>findstr /s /r /i /m /c:"\<angal.medicals.insertavalidvalue\>" *.*
openhospital-gui-develop\bundle\language_ar.properties
openhospital-gui-develop\bundle\language_de.properties
openhospital-gui-develop\bundle\language_en.properties
openhospital-gui-develop\bundle\language_es.properties
openhospital-gui-develop\bundle\language_fr.properties
openhospital-gui-develop\bundle\language_it.properties
openhospital-gui-develop\bundle\language_pt.properties
openhospital-gui-develop\bundle\language_sw.properties
openhospital-gui-develop\bundle\language_zh_CN.properties

C:\CODE>findstr /s /r /i /m /c:"\<angal.medicals.pcsperpck\>" *.*
openhospital-gui-develop\bundle\language_ar.properties
openhospital-gui-develop\bundle\language_de.properties
openhospital-gui-develop\bundle\language_en.properties
openhospital-gui-develop\bundle\language_es.properties
openhospital-gui-develop\bundle\language_fr.properties
openhospital-gui-develop\bundle\language_it.properties
openhospital-gui-develop\bundle\language_pt.properties
openhospital-gui-develop\bundle\language_sw.properties
openhospital-gui-develop\bundle\language_zh_CN.properties

C:\CODE>findstr /s /r /i /m /c:"\<angal.medicals.select\>" *.*
openhospital-gui-develop\bundle\language_ar.properties
openhospital-gui-develop\bundle\language_de.properties
openhospital-gui-develop\bundle\language_en.properties
openhospital-gui-develop\bundle\language_es.properties
openhospital-gui-develop\bundle\language_fr.properties
openhospital-gui-develop\bundle\language_it.properties
openhospital-gui-develop\bundle\language_pt.properties
openhospital-gui-develop\bundle\language_sw.properties
openhospital-gui-develop\bundle\language_zh_CN.properties

C:\CODE>findstr /s /r /i /m /c:"\<angal.medicalstock.bottlesorboxes\>" *.*
openhospital-gui-develop\bundle\language_ar.properties
openhospital-gui-develop\bundle\language_de.properties
openhospital-gui-develop\bundle\language_en.properties
openhospital-gui-develop\bundle\language_es.properties
openhospital-gui-develop\bundle\language_fr.properties
openhospital-gui-develop\bundle\language_it.properties
openhospital-gui-develop\bundle\language_pt.properties
openhospital-gui-develop\bundle\language_sw.properties
openhospital-gui-develop\bundle\language_zh_CN.properties

C:\CODE>findstr /s /r /i /m /c:"\<angal.medicalstock.buttons\>" *.*
openhospital-gui-develop\bundle\language_ar.properties
openhospital-gui-develop\bundle\language_de.properties
openhospital-gui-develop\bundle\language_en.properties
openhospital-gui-develop\bundle\language_es.properties
openhospital-gui-develop\bundle\language_fr.properties
openhospital-gui-develop\bundle\language_it.properties
openhospital-gui-develop\bundle\language_pt.properties
openhospital-gui-develop\bundle\language_sw.properties
openhospital-gui-develop\bundle\language_zh_CN.properties

C:\CODE>findstr /s /r /i /m /c:"\<angal.medicalstock.chooseanalreadyexistentlot\>" *.*
openhospital-gui-develop\bundle\language_ar.properties
openhospital-gui-develop\bundle\language_de.properties
openhospital-gui-develop\bundle\language_en.properties
openhospital-gui-develop\bundle\language_es.properties
openhospital-gui-develop\bundle\language_fr.properties
openhospital-gui-develop\bundle\language_it.properties
openhospital-gui-develop\bundle\language_pt.properties
openhospital-gui-develop\bundle\language_sw.properties
openhospital-gui-develop\bundle\language_zh_CN.properties

C:\CODE>findstr /s /r /i /m /c:"\<angal.medicalstock.chooseapharmaceutical\>" *.*
openhospital-gui-develop\bundle\language_ar.properties
openhospital-gui-develop\bundle\language_de.properties
openhospital-gui-develop\bundle\language_en.properties
openhospital-gui-develop\bundle\language_es.properties
openhospital-gui-develop\bundle\language_fr.properties
openhospital-gui-develop\bundle\language_it.properties
openhospital-gui-develop\bundle\language_pt.properties
openhospital-gui-develop\bundle\language_sw.properties
openhospital-gui-develop\bundle\language_zh_CN.properties

C:\CODE>findstr /s /r /i /m /c:"\<angal.medicalstock.chooseasupplier\>" *.*
openhospital-gui-develop\bundle\language_ar.properties
openhospital-gui-develop\bundle\language_de.properties
openhospital-gui-develop\bundle\language_en.properties
openhospital-gui-develop\bundle\language_es.properties
openhospital-gui-develop\bundle\language_fr.properties
openhospital-gui-develop\bundle\language_it.properties
openhospital-gui-develop\bundle\language_pt.properties
openhospital-gui-develop\bundle\language_sw.properties
openhospital-gui-develop\bundle\language_zh_CN.properties

C:\CODE>findstr /s /r /i /m /c:"\<angal.medicalstock.chooseaward\>" *.*
openhospital-gui-develop\bundle\language_ar.properties
openhospital-gui-develop\bundle\language_de.properties
openhospital-gui-develop\bundle\language_en.properties
openhospital-gui-develop\bundle\language_es.properties
openhospital-gui-develop\bundle\language_fr.properties
openhospital-gui-develop\bundle\language_it.properties
openhospital-gui-develop\bundle\language_pt.properties
openhospital-gui-develop\bundle\language_sw.properties
openhospital-gui-develop\bundle\language_zh_CN.properties

C:\CODE>findstr /s /r /i /m /c:"\<angal.medicalstock.currentquantitylyinginstock\>" *.*
openhospital-gui-develop\bundle\language_ar.properties
openhospital-gui-develop\bundle\language_de.properties
openhospital-gui-develop\bundle\language_en.properties
openhospital-gui-develop\bundle\language_es.properties
openhospital-gui-develop\bundle\language_fr.properties
openhospital-gui-develop\bundle\language_it.properties
openhospital-gui-develop\bundle\language_pt.properties
openhospital-gui-develop\bundle\language_sw.properties
openhospital-gui-develop\bundle\language_zh_CN.properties

C:\CODE>findstr /s /r /i /m /c:"\<angal.medicalstock.from\>" *.*
openhospital-gui-develop\bundle\language_ar.properties
openhospital-gui-develop\bundle\language_de.properties
openhospital-gui-develop\bundle\language_en.properties
openhospital-gui-develop\bundle\language_es.properties
openhospital-gui-develop\bundle\language_fr.properties
openhospital-gui-develop\bundle\language_it.properties
openhospital-gui-develop\bundle\language_pt.properties
openhospital-gui-develop\bundle\language_sw.properties
openhospital-gui-develop\bundle\language_zh_CN.properties

C:\CODE>findstr /s /r /i /m /c:"\<angal.medicalstock.insertanewlot\>" *.*
openhospital-gui-develop\bundle\language_ar.properties
openhospital-gui-develop\bundle\language_de.properties
openhospital-gui-develop\bundle\language_en.properties
openhospital-gui-develop\bundle\language_es.properties
openhospital-gui-develop\bundle\language_fr.properties
openhospital-gui-develop\bundle\language_it.properties
openhospital-gui-develop\bundle\language_pt.properties
openhospital-gui-develop\bundle\language_sw.properties
openhospital-gui-develop\bundle\language_zh_CN.properties

C:\CODE>findstr /s /r /i /m /c:"\<angal.medicalstock.insertavalidlotidentifier\>" *.*
openhospital-gui-develop\bundle\language_ar.properties
openhospital-gui-develop\bundle\language_de.properties
openhospital-gui-develop\bundle\language_en.properties
openhospital-gui-develop\bundle\language_es.properties
openhospital-gui-develop\bundle\language_fr.properties
openhospital-gui-develop\bundle\language_it.properties
openhospital-gui-develop\bundle\language_pt.properties
openhospital-gui-develop\bundle\language_sw.properties
openhospital-gui-develop\bundle\language_zh_CN.properties

C:\CODE>findstr /s /r /i /m /c:"\<angal.medicalstock.inserttheexpirydate\>" *.*
openhospital-gui-develop\bundle\language_ar.properties
openhospital-gui-develop\bundle\language_de.properties
openhospital-gui-develop\bundle\language_en.properties
openhospital-gui-develop\bundle\language_es.properties
openhospital-gui-develop\bundle\language_fr.properties
openhospital-gui-develop\bundle\language_it.properties
openhospital-gui-develop\bundle\language_pt.properties
openhospital-gui-develop\bundle\language_sw.properties
openhospital-gui-develop\bundle\language_zh_CN.properties

C:\CODE>findstr /s /r /i /m /c:"\<angal.medicalstock.inserttheoriginofthepharmaceutical\>" *.*
openhospital-gui-develop\bundle\language_ar.properties
openhospital-gui-develop\bundle\language_de.properties
openhospital-gui-develop\bundle\language_en.properties
openhospital-gui-develop\bundle\language_es.properties
openhospital-gui-develop\bundle\language_fr.properties
openhospital-gui-develop\bundle\language_it.properties
openhospital-gui-develop\bundle\language_pt.properties
openhospital-gui-develop\bundle\language_sw.properties
openhospital-gui-develop\bundle\language_zh_CN.properties

C:\CODE>findstr /s /r /i /m /c:"\<angal.medicalstock.insertthepreparationdate\>" *.*
openhospital-gui-develop\bundle\language_ar.properties
openhospital-gui-develop\bundle\language_de.properties
openhospital-gui-develop\bundle\language_en.properties
openhospital-gui-develop\bundle\language_es.properties
openhospital-gui-develop\bundle\language_fr.properties
openhospital-gui-develop\bundle\language_it.properties
openhospital-gui-develop\bundle\language_pt.properties
openhospital-gui-develop\bundle\language_sw.properties
openhospital-gui-develop\bundle\language_zh_CN.properties

C:\CODE>findstr /s /r /i /m /c:"\<angal.medicalstock.jms\>" *.*
openhospital-gui-develop\bundle\language_ar.properties
openhospital-gui-develop\bundle\language_de.properties
openhospital-gui-develop\bundle\language_en.properties
openhospital-gui-develop\bundle\language_es.properties
openhospital-gui-develop\bundle\language_fr.properties
openhospital-gui-develop\bundle\language_it.properties
openhospital-gui-develop\bundle\language_pt.properties
openhospital-gui-develop\bundle\language_sw.properties
openhospital-gui-develop\bundle\language_zh_CN.properties

C:\CODE>findstr /s /r /i /m /c:"\<angal.medicalstock.lotpanel\>" *.*
openhospital-gui-develop\bundle\language_ar.properties
openhospital-gui-develop\bundle\language_de.properties
openhospital-gui-develop\bundle\language_en.properties
openhospital-gui-develop\bundle\language_es.properties
openhospital-gui-develop\bundle\language_fr.properties
openhospital-gui-develop\bundle\language_it.properties
openhospital-gui-develop\bundle\language_pt.properties
openhospital-gui-develop\bundle\language_sw.properties
openhospital-gui-develop\bundle\language_zh_CN.properties

C:\CODE>findstr /s /r /i /m /c:"\<angal.medicalstock.movementdatefromcannotbelaterthanmovementd\>" *.*
openhospital-gui-develop\bundle\language_ar.properties
openhospital-gui-develop\bundle\language_de.properties
openhospital-gui-develop\bundle\language_en.properties
openhospital-gui-develop\bundle\language_es.properties
openhospital-gui-develop\bundle\language_fr.properties
openhospital-gui-develop\bundle\language_it.properties
openhospital-gui-develop\bundle\language_pt.properties
openhospital-gui-develop\bundle\language_sw.properties
openhospital-gui-develop\bundle\language_zh_CN.properties

C:\CODE>findstr /s /r /i /m /c:"\<angal.medicalstock.movementtypechargedischarge\>" *.*
openhospital-gui-develop\bundle\language_ar.properties
openhospital-gui-develop\bundle\language_de.properties
openhospital-gui-develop\bundle\language_en.properties
openhospital-gui-develop\bundle\language_es.properties
openhospital-gui-develop\bundle\language_fr.properties
openhospital-gui-develop\bundle\language_it.properties
openhospital-gui-develop\bundle\language_pt.properties
openhospital-gui-develop\bundle\language_sw.properties
openhospital-gui-develop\bundle\language_zh_CN.properties

C:\CODE>findstr /s /r /i /m /c:"\<angal.medicalstock.movementtypecodenotvalid\>" *.*
openhospital-gui-develop\bundle\language_ar.properties
openhospital-gui-develop\bundle\language_de.properties
openhospital-gui-develop\bundle\language_en.properties
openhospital-gui-develop\bundle\language_es.properties
openhospital-gui-develop\bundle\language_fr.properties
openhospital-gui-develop\bundle\language_it.properties
openhospital-gui-develop\bundle\language_pt.properties
openhospital-gui-develop\bundle\language_sw.properties
openhospital-gui-develop\bundle\language_zh_CN.properties

C:\CODE>findstr /s /r /i /m /c:"\<angal.medicalstock.movementtypedescriptionnotvalid\>" *.*
openhospital-gui-develop\bundle\language_ar.properties
openhospital-gui-develop\bundle\language_de.properties
openhospital-gui-develop\bundle\language_en.properties
openhospital-gui-develop\bundle\language_es.properties
openhospital-gui-develop\bundle\language_fr.properties
openhospital-gui-develop\bundle\language_it.properties
openhospital-gui-develop\bundle\language_pt.properties
openhospital-gui-develop\bundle\language_sw.properties
openhospital-gui-develop\bundle\language_zh_CN.properties

C:\CODE>findstr /s /r /i /m /c:"\<angal.medicalstock.movementtypetypenotvalid\>" *.*
openhospital-gui-develop\bundle\language_ar.properties
openhospital-gui-develop\bundle\language_de.properties
openhospital-gui-develop\bundle\language_en.properties
openhospital-gui-develop\bundle\language_es.properties
openhospital-gui-develop\bundle\language_fr.properties
openhospital-gui-develop\bundle\language_it.properties
openhospital-gui-develop\bundle\language_pt.properties
openhospital-gui-develop\bundle\language_sw.properties
openhospital-gui-develop\bundle\language_zh_CN.properties

C:\CODE>findstr /s /r /i /m /c:"\<angal.medicalstock.multiplecharging.chooseasupplier\>" *.*
openhospital-gui-develop\bundle\language_ar.properties
openhospital-gui-develop\bundle\language_de.properties
openhospital-gui-develop\bundle\language_en.properties
openhospital-gui-develop\bundle\language_es.properties
openhospital-gui-develop\bundle\language_fr.properties
openhospital-gui-develop\bundle\language_it.properties
openhospital-gui-develop\bundle\language_pt.properties
openhospital-gui-develop\bundle\language_sw.properties
openhospital-gui-develop\bundle\language_zh_CN.properties

C:\CODE>findstr /s /r /i /m /c:"\<angal.medicalstock.multiplecharging.notallowed\>" *.*
openhospital-gui-develop\bundle\language_ar.properties
openhospital-gui-develop\bundle\language_de.properties
openhospital-gui-develop\bundle\language_en.properties
openhospital-gui-develop\bundle\language_es.properties
openhospital-gui-develop\bundle\language_fr.properties
openhospital-gui-develop\bundle\language_it.properties
openhospital-gui-develop\bundle\language_pt.properties
openhospital-gui-develop\bundle\language_sw.properties
openhospital-gui-develop\bundle\language_zh_CN.properties

C:\CODE>findstr /s /r /i /m /c:"\<angal.medicalstock.multipledischarging.datebeforelastmovement\>" *.*
openhospital-gui-develop\bundle\language_ar.properties
openhospital-gui-develop\bundle\language_de.properties
openhospital-gui-develop\bundle\language_en.properties
openhospital-gui-develop\bundle\language_es.properties
openhospital-gui-develop\bundle\language_fr.properties
openhospital-gui-develop\bundle\language_it.properties
openhospital-gui-develop\bundle\language_pt.properties
openhospital-gui-develop\bundle\language_sw.properties
openhospital-gui-develop\bundle\language_zh_CN.properties

C:\CODE>findstr /s /r /i /m /c:"\<angal.medicalstock.multipledischarging.futuredatenotallowed\>" *.*
openhospital-gui-develop\bundle\language_ar.properties
openhospital-gui-develop\bundle\language_de.properties
openhospital-gui-develop\bundle\language_en.properties
openhospital-gui-develop\bundle\language_es.properties
openhospital-gui-develop\bundle\language_fr.properties
openhospital-gui-develop\bundle\language_it.properties
openhospital-gui-develop\bundle\language_pt.properties
openhospital-gui-develop\bundle\language_sw.properties
openhospital-gui-develop\bundle\language_zh_CN.properties

C:\CODE>findstr /s /r /i /m /c:"\<angal.medicalstock.multipledischarging.lotid\>" *.*
openhospital-gui-develop\bundle\language_ar.properties
openhospital-gui-develop\bundle\language_de.properties
openhospital-gui-develop\bundle\language_en.properties
openhospital-gui-develop\bundle\language_es.properties
openhospital-gui-develop\bundle\language_fr.properties
openhospital-gui-develop\bundle\language_it.properties
openhospital-gui-develop\bundle\language_pt.properties
openhospital-gui-develop\bundle\language_sw.properties
openhospital-gui-develop\bundle\language_zh_CN.properties

C:\CODE>findstr /s /r /i /m /c:"\<angal.medicalstock.multipledischarging.notallowed\>" *.*
openhospital-gui-develop\bundle\language_ar.properties
openhospital-gui-develop\bundle\language_de.properties
openhospital-gui-develop\bundle\language_en.properties
openhospital-gui-develop\bundle\language_es.properties
openhospital-gui-develop\bundle\language_fr.properties
openhospital-gui-develop\bundle\language_it.properties
openhospital-gui-develop\bundle\language_pt.properties
openhospital-gui-develop\bundle\language_sw.properties
openhospital-gui-develop\bundle\language_zh_CN.properties

C:\CODE>findstr /s /r /i /m /c:"\<angal.medicalstock.multipledischarging.pleaseinsertareferencenumber\>" *.*
openhospital-gui-develop\bundle\language_ar.properties
openhospital-gui-develop\bundle\language_de.properties
openhospital-gui-develop\bundle\language_en.properties
openhospital-gui-develop\bundle\language_es.properties
openhospital-gui-develop\bundle\language_fr.properties
openhospital-gui-develop\bundle\language_it.properties
openhospital-gui-develop\bundle\language_pt.properties
openhospital-gui-develop\bundle\language_sw.properties
openhospital-gui-develop\bundle\language_zh_CN.properties

C:\CODE>findstr /s /r /i /m /c:"\<angal.medicalstock.multipledischarging.preparationdate\>" *.*
openhospital-gui-develop\bundle\language_ar.properties
openhospital-gui-develop\bundle\language_de.properties
openhospital-gui-develop\bundle\language_en.properties
openhospital-gui-develop\bundle\language_es.properties
openhospital-gui-develop\bundle\language_fr.properties
openhospital-gui-develop\bundle\language_it.properties
openhospital-gui-develop\bundle\language_pt.properties
openhospital-gui-develop\bundle\language_sw.properties
openhospital-gui-develop\bundle\language_zh_CN.properties

C:\CODE>findstr /s /r /i /m /c:"\<angal.medicalstock.multipledischarging.theinsertedreferencenumberalreadyexists\>" *.*
openhospital-gui-develop\bundle\language_ar.properties
openhospital-gui-develop\bundle\language_de.properties
openhospital-gui-develop\bundle\language_en.properties
openhospital-gui-develop\bundle\language_es.properties
openhospital-gui-develop\bundle\language_fr.properties
openhospital-gui-develop\bundle\language_it.properties
openhospital-gui-develop\bundle\language_pt.properties
openhospital-gui-develop\bundle\language_sw.properties
openhospital-gui-develop\bundle\language_zh_CN.properties

C:\CODE>findstr /s /r /i /m /c:"\<angal.medicalstock.multipledischarging.totalcost\>" *.*
openhospital-gui-develop\bundle\language_ar.properties
openhospital-gui-develop\bundle\language_de.properties
openhospital-gui-develop\bundle\language_en.properties
openhospital-gui-develop\bundle\language_es.properties
openhospital-gui-develop\bundle\language_fr.properties
openhospital-gui-develop\bundle\language_it.properties
openhospital-gui-develop\bundle\language_pt.properties
openhospital-gui-develop\bundle\language_sw.properties
openhospital-gui-develop\bundle\language_zh_CN.properties

C:\CODE>findstr /s /r /i /m /c:"\<angal.medicalstock.multipledischarging.unitcost\>" *.*
openhospital-gui-develop\bundle\language_ar.properties
openhospital-gui-develop\bundle\language_de.properties
openhospital-gui-develop\bundle\language_en.properties
openhospital-gui-develop\bundle\language_es.properties
openhospital-gui-develop\bundle\language_fr.properties
openhospital-gui-develop\bundle\language_it.properties
openhospital-gui-develop\bundle\language_pt.properties
openhospital-gui-develop\bundle\language_sw.properties
openhospital-gui-develop\bundle\language_zh_CN.properties

C:\CODE>findstr /s /r /i /m /c:"\<angal.medicalstock.notspecified\>" *.*
openhospital-gui-develop\bundle\language_ar.properties
openhospital-gui-develop\bundle\language_de.properties
openhospital-gui-develop\bundle\language_en.properties
openhospital-gui-develop\bundle\language_es.properties
openhospital-gui-develop\bundle\language_fr.properties
openhospital-gui-develop\bundle\language_it.properties
openhospital-gui-develop\bundle\language_pt.properties
openhospital-gui-develop\bundle\language_sw.properties
openhospital-gui-develop\bundle\language_zh_CN.properties

C:\CODE>findstr /s /r /i /m /c:"\<angal.medicalstock.noward\>" *.*
openhospital-gui-develop\bundle\language_ar.properties
openhospital-gui-develop\bundle\language_de.properties
openhospital-gui-develop\bundle\language_en.properties
openhospital-gui-develop\bundle\language_es.properties
openhospital-gui-develop\bundle\language_fr.properties
openhospital-gui-develop\bundle\language_it.properties
openhospital-gui-develop\bundle\language_pt.properties
openhospital-gui-develop\bundle\language_sw.properties
openhospital-gui-develop\bundle\language_zh_CN.properties

C:\CODE>findstr /s /r /i /m /c:"\<angal.medicalstock.piecesorml\>" *.*
openhospital-gui-develop\bundle\language_ar.properties
openhospital-gui-develop\bundle\language_de.properties
openhospital-gui-develop\bundle\language_en.properties
openhospital-gui-develop\bundle\language_es.properties
openhospital-gui-develop\bundle\language_fr.properties
openhospital-gui-develop\bundle\language_it.properties
openhospital-gui-develop\bundle\language_pt.properties
openhospital-gui-develop\bundle\language_sw.properties
openhospital-gui-develop\bundle\language_zh_CN.properties

C:\CODE>findstr /s /r /i /m /c:"\<angal.medicalstock.pleaseselectalotorcreateanewone\>" *.*
openhospital-gui-develop\bundle\language_ar.properties
openhospital-gui-develop\bundle\language_de.properties
openhospital-gui-develop\bundle\language_en.properties
openhospital-gui-develop\bundle\language_es.properties
openhospital-gui-develop\bundle\language_fr.properties
openhospital-gui-develop\bundle\language_it.properties
openhospital-gui-develop\bundle\language_pt.properties
openhospital-gui-develop\bundle\language_sw.properties
openhospital-gui-develop\bundle\language_zh_CN.properties

C:\CODE>findstr /s /r /i /m /c:"\<angal.medicalstock.preparationdatefromcannotbelaterpreparatio\>" *.*
openhospital-gui-develop\bundle\language_ar.properties
openhospital-gui-develop\bundle\language_de.properties
openhospital-gui-develop\bundle\language_en.properties
openhospital-gui-develop\bundle\language_es.properties
openhospital-gui-develop\bundle\language_fr.properties
openhospital-gui-develop\bundle\language_it.properties
openhospital-gui-develop\bundle\language_pt.properties
openhospital-gui-develop\bundle\language_sw.properties
openhospital-gui-develop\bundle\language_zh_CN.properties

C:\CODE>findstr /s /r /i /m /c:"\<angal.medicalstock.refnom\>" *.*
openhospital-gui-develop\bundle\language_ar.properties
openhospital-gui-develop\bundle\language_de.properties
openhospital-gui-develop\bundle\language_en.properties
openhospital-gui-develop\bundle\language_es.properties
openhospital-gui-develop\bundle\language_fr.properties
openhospital-gui-develop\bundle\language_it.properties
openhospital-gui-develop\bundle\language_pt.properties
openhospital-gui-develop\bundle\language_sw.properties
openhospital-gui-develop\bundle\language_zh_CN.properties

C:\CODE>findstr /s /r /i /m /c:"\<angal.medicalstock.reset\>" *.*
openhospital-gui-develop\bundle\language_ar.properties
openhospital-gui-develop\bundle\language_de.properties
openhospital-gui-develop\bundle\language_en.properties
openhospital-gui-develop\bundle\language_es.properties
openhospital-gui-develop\bundle\language_fr.properties
openhospital-gui-develop\bundle\language_it.properties
openhospital-gui-develop\bundle\language_pt.properties
openhospital-gui-develop\bundle\language_sw.properties
openhospital-gui-develop\bundle\language_zh_CN.properties

C:\CODE>findstr /s /r /i /m /c:"\<angal.medicalstock.searchcode\>" *.*
openhospital-gui-develop\bundle\language_ar.properties
openhospital-gui-develop\bundle\language_de.properties
openhospital-gui-develop\bundle\language_en.properties
openhospital-gui-develop\bundle\language_es.properties
openhospital-gui-develop\bundle\language_fr.properties
openhospital-gui-develop\bundle\language_it.properties
openhospital-gui-develop\bundle\language_pt.properties
openhospital-gui-develop\bundle\language_sw.properties
openhospital-gui-develop\bundle\language_zh_CN.properties

C:\CODE>findstr /s /r /i /m /c:"\<angal.medicalstock.select\>" *.*
openhospital-gui-develop\bundle\language_ar.properties
openhospital-gui-develop\bundle\language_de.properties
openhospital-gui-develop\bundle\language_en.properties
openhospital-gui-develop\bundle\language_es.properties
openhospital-gui-develop\bundle\language_fr.properties
openhospital-gui-develop\bundle\language_it.properties
openhospital-gui-develop\bundle\language_pt.properties
openhospital-gui-develop\bundle\language_sw.properties
openhospital-gui-develop\bundle\language_zh_CN.properties

C:\CODE>findstr /s /r /i /m /c:"\<angal.medicalstock.table\>" *.*
openhospital-gui-develop\bundle\language_ar.properties
openhospital-gui-develop\bundle\language_de.properties
openhospital-gui-develop\bundle\language_en.properties
openhospital-gui-develop\bundle\language_es.properties
openhospital-gui-develop\bundle\language_fr.properties
openhospital-gui-develop\bundle\language_it.properties
openhospital-gui-develop\bundle\language_pt.properties
openhospital-gui-develop\bundle\language_sw.properties
openhospital-gui-develop\bundle\language_zh_CN.properties

C:\CODE>findstr /s /r /i /m /c:"\<angal.medicalstock.thetotalquantitycannotbelessthan\>" *.*
openhospital-gui-develop\bundle\language_ar.properties
openhospital-gui-develop\bundle\language_de.properties
openhospital-gui-develop\bundle\language_en.properties
openhospital-gui-develop\bundle\language_es.properties
openhospital-gui-develop\bundle\language_fr.properties
openhospital-gui-develop\bundle\language_it.properties
openhospital-gui-develop\bundle\language_pt.properties
openhospital-gui-develop\bundle\language_sw.properties
openhospital-gui-develop\bundle\language_zh_CN.properties

C:\CODE>findstr /s /r /i /m /c:"\<angal.medicalstock.to\>" *.*
openhospital-gui-develop\bundle\language_ar.properties
openhospital-gui-develop\bundle\language_de.properties
openhospital-gui-develop\bundle\language_en.properties
openhospital-gui-develop\bundle\language_es.properties
openhospital-gui-develop\bundle\language_fr.properties
openhospital-gui-develop\bundle\language_it.properties
openhospital-gui-develop\bundle\language_pt.properties
openhospital-gui-develop\bundle\language_sw.properties
openhospital-gui-develop\bundle\language_zh_CN.properties

C:\CODE>findstr /s /r /i /m /c:"\<angal.medicalstock.unitcost\>" *.*
openhospital-gui-develop\bundle\language_ar.properties
openhospital-gui-develop\bundle\language_de.properties
openhospital-gui-develop\bundle\language_en.properties
openhospital-gui-develop\bundle\language_es.properties
openhospital-gui-develop\bundle\language_fr.properties
openhospital-gui-develop\bundle\language_it.properties
openhospital-gui-develop\bundle\language_pt.properties
openhospital-gui-develop\bundle\language_sw.properties
openhospital-gui-develop\bundle\language_zh_CN.properties

C:\CODE>findstr /s /r /i /m /c:"\<angal.medicalstockward.doyoureallywanttodeletethismovement\>" *.*
openhospital-gui-develop\bundle\language_ar.properties
openhospital-gui-develop\bundle\language_de.properties
openhospital-gui-develop\bundle\language_en.properties
openhospital-gui-develop\bundle\language_es.properties
openhospital-gui-develop\bundle\language_fr.properties
openhospital-gui-develop\bundle\language_it.properties
openhospital-gui-develop\bundle\language_pt.properties
openhospital-gui-develop\bundle\language_sw.properties
openhospital-gui-develop\bundle\language_zh_CN.properties

C:\CODE>findstr /s /r /i /m /c:"\<angal.medicalstockward.from\>" *.*
openhospital-gui-develop\bundle\language_ar.properties
openhospital-gui-develop\bundle\language_de.properties
openhospital-gui-develop\bundle\language_en.properties
openhospital-gui-develop\bundle\language_es.properties
openhospital-gui-develop\bundle\language_fr.properties
openhospital-gui-develop\bundle\language_it.properties
openhospital-gui-develop\bundle\language_pt.properties
openhospital-gui-develop\bundle\language_sw.properties
openhospital-gui-develop\bundle\language_zh_CN.properties

C:\CODE>findstr /s /r /i /m /c:"\<angal.medicalstockward.outcome.destination\>" *.*
openhospital-gui-develop\bundle\language_ar.properties
openhospital-gui-develop\bundle\language_de.properties
openhospital-gui-develop\bundle\language_en.properties
openhospital-gui-develop\bundle\language_es.properties
openhospital-gui-develop\bundle\language_fr.properties
openhospital-gui-develop\bundle\language_it.properties
openhospital-gui-develop\bundle\language_pt.properties
openhospital-gui-develop\bundle\language_sw.properties
openhospital-gui-develop\bundle\language_zh_CN.properties

C:\CODE>findstr /s /r /i /m /c:"\<angal.medicalstockward.patient\>" *.*
openhospital-gui-develop\bundle\language_ar.properties
openhospital-gui-develop\bundle\language_de.properties
openhospital-gui-develop\bundle\language_en.properties
openhospital-gui-develop\bundle\language_es.properties
openhospital-gui-develop\bundle\language_fr.properties
openhospital-gui-develop\bundle\language_it.properties
openhospital-gui-develop\bundle\language_pt.properties
openhospital-gui-develop\bundle\language_sw.properties
openhospital-gui-develop\bundle\language_zh_CN.properties

C:\CODE>findstr /s /r /i /m /c:"\<angal.medicalstockward.rectify.expiringdateinthepastnotallowed\>" *.*
openhospital-gui-develop\bundle\language_en.properties
openhospital-gui-develop\bundle\language_it.properties

C:\CODE>findstr /s /r /i /m /c:"\<angal.medicalstockward.rectify.futuredatenotallowed\>" *.*
openhospital-gui-develop\bundle\language_en.properties
openhospital-gui-develop\bundle\language_it.properties

C:\CODE>findstr /s /r /i /m /c:"\<angal.medicalstockward.rectify.lotid\>" *.*
openhospital-gui-develop\bundle\language_en.properties
openhospital-gui-develop\bundle\language_it.properties

C:\CODE>findstr /s /r /i /m /c:"\<angal.medicalstockward.rectify.qty\>" *.*
openhospital-gui-develop\bundle\language_en.properties
openhospital-gui-develop\bundle\language_it.properties

C:\CODE>findstr /s /r /i /m /c:"\<angal.medicalstockward.rectify.referencenumber\>" *.*
openhospital-gui-develop\bundle\language_en.properties
openhospital-gui-develop\bundle\language_it.properties

C:\CODE>findstr /s /r /i /m /c:"\<angal.medicalstockward.rectify.totalcost\>" *.*
openhospital-gui-develop\bundle\language_en.properties
openhospital-gui-develop\bundle\language_it.properties

C:\CODE>findstr /s /r /i /m /c:"\<angal.medicalstockward.rectifyerror\>" *.*
openhospital-gui-develop\bundle\language_en.properties
openhospital-gui-develop\bundle\language_it.properties

C:\CODE>findstr /s /r /i /m /c:"\<angal.medicalstockward.to\>" *.*
openhospital-gui-develop\bundle\language_ar.properties
openhospital-gui-develop\bundle\language_de.properties
openhospital-gui-develop\bundle\language_en.properties
openhospital-gui-develop\bundle\language_es.properties
openhospital-gui-develop\bundle\language_fr.properties
openhospital-gui-develop\bundle\language_it.properties
openhospital-gui-develop\bundle\language_pt.properties
openhospital-gui-develop\bundle\language_sw.properties
openhospital-gui-develop\bundle\language_zh_CN.properties

C:\CODE>findstr /s /r /i /m /c:"\<angal.medicalstockwardedit.insertquantitypiecesormls\>" *.*
openhospital-gui-develop\bundle\language_ar.properties
openhospital-gui-develop\bundle\language_de.properties
openhospital-gui-develop\bundle\language_en.properties
openhospital-gui-develop\bundle\language_es.properties
openhospital-gui-develop\bundle\language_fr.properties
openhospital-gui-develop\bundle\language_it.properties
openhospital-gui-develop\bundle\language_pt.properties
openhospital-gui-develop\bundle\language_sw.properties
openhospital-gui-develop\bundle\language_zh_CN.properties

C:\CODE>findstr /s /r /i /m /c:"\<angal.medicalstockwardedit.instock\>" *.*
openhospital-gui-develop\bundle\language_ar.properties
openhospital-gui-develop\bundle\language_de.properties
openhospital-gui-develop\bundle\language_en.properties
openhospital-gui-develop\bundle\language_es.properties
openhospital-gui-develop\bundle\language_fr.properties
openhospital-gui-develop\bundle\language_it.properties
openhospital-gui-develop\bundle\language_pt.properties
openhospital-gui-develop\bundle\language_sw.properties
openhospital-gui-develop\bundle\language_zh_CN.properties

C:\CODE>findstr /s /r /i /m /c:"\<angal.medicalstockwardedit.invalidproduct\>" *.*
openhospital-gui-develop\bundle\language_ar.properties
openhospital-gui-develop\bundle\language_de.properties
openhospital-gui-develop\bundle\language_en.properties
openhospital-gui-develop\bundle\language_es.properties
openhospital-gui-develop\bundle\language_fr.properties
openhospital-gui-develop\bundle\language_it.properties
openhospital-gui-develop\bundle\language_pt.properties
openhospital-gui-develop\bundle\language_sw.properties
openhospital-gui-develop\bundle\language_zh_CN.properties

C:\CODE>findstr /s /r /i /m /c:"\<angal.medicalstockwardedit.invalidquantity\>" *.*
openhospital-gui-develop\bundle\language_ar.properties
openhospital-gui-develop\bundle\language_de.properties
openhospital-gui-develop\bundle\language_en.properties
openhospital-gui-develop\bundle\language_es.properties
openhospital-gui-develop\bundle\language_fr.properties
openhospital-gui-develop\bundle\language_it.properties
openhospital-gui-develop\bundle\language_pt.properties
openhospital-gui-develop\bundle\language_sw.properties
openhospital-gui-develop\bundle\language_zh_CN.properties

C:\CODE>findstr /s /r /i /m /c:"\<angal.medicalstockwardedit.invalidquantitypleaseinsertatleast\>" *.*
openhospital-gui-develop\bundle\language_ar.properties
openhospital-gui-develop\bundle\language_de.properties
openhospital-gui-develop\bundle\language_en.properties
openhospital-gui-develop\bundle\language_es.properties
openhospital-gui-develop\bundle\language_fr.properties
openhospital-gui-develop\bundle\language_it.properties
openhospital-gui-develop\bundle\language_pt.properties
openhospital-gui-develop\bundle\language_sw.properties
openhospital-gui-develop\bundle\language_zh_CN.properties

C:\CODE>findstr /s /r /i /m /c:"\<angal.medicalstockwardedit.invalidquantitypleaseinsertmax\>" *.*
openhospital-gui-develop\bundle\language_ar.properties
openhospital-gui-develop\bundle\language_de.properties
openhospital-gui-develop\bundle\language_en.properties
openhospital-gui-develop\bundle\language_es.properties
openhospital-gui-develop\bundle\language_fr.properties
openhospital-gui-develop\bundle\language_it.properties
openhospital-gui-develop\bundle\language_pt.properties
openhospital-gui-develop\bundle\language_sw.properties
openhospital-gui-develop\bundle\language_zh_CN.properties

C:\CODE>findstr /s /r /i /m /c:"\<angal.medicalstockwardedit.invalidquantitypleasetryagain\>" *.*
openhospital-gui-develop\bundle\language_ar.properties
openhospital-gui-develop\bundle\language_de.properties
openhospital-gui-develop\bundle\language_en.properties
openhospital-gui-develop\bundle\language_es.properties
openhospital-gui-develop\bundle\language_fr.properties
openhospital-gui-develop\bundle\language_it.properties
openhospital-gui-develop\bundle\language_pt.properties
openhospital-gui-develop\bundle\language_sw.properties
openhospital-gui-develop\bundle\language_zh_CN.properties

C:\CODE>findstr /s /r /i /m /c:"\<angal.medicalstockwardedit.pleaseinsertavalidquantity\>" *.*
openhospital-gui-develop\bundle\language_ar.properties
openhospital-gui-develop\bundle\language_de.properties
openhospital-gui-develop\bundle\language_en.properties
openhospital-gui-develop\bundle\language_es.properties
openhospital-gui-develop\bundle\language_fr.properties
openhospital-gui-develop\bundle\language_it.properties
openhospital-gui-develop\bundle\language_pt.properties
openhospital-gui-develop\bundle\language_sw.properties
openhospital-gui-develop\bundle\language_zh_CN.properties

C:\CODE>findstr /s /r /i /m /c:"\<angal.medicalstockwardedit.productalreadyinserted\>" *.*
openhospital-gui-develop\bundle\language_ar.properties
openhospital-gui-develop\bundle\language_de.properties
openhospital-gui-develop\bundle\language_en.properties
openhospital-gui-develop\bundle\language_es.properties
openhospital-gui-develop\bundle\language_fr.properties
openhospital-gui-develop\bundle\language_it.properties
openhospital-gui-develop\bundle\language_pt.properties
openhospital-gui-develop\bundle\language_sw.properties
openhospital-gui-develop\bundle\language_zh_CN.properties

C:\CODE>findstr /s /r /i /m /c:"\<angal.medicalstockwardedit.selectamedical\>" *.*
openhospital-gui-develop\bundle\language_ar.properties
openhospital-gui-develop\bundle\language_de.properties
openhospital-gui-develop\bundle\language_en.properties
openhospital-gui-develop\bundle\language_es.properties
openhospital-gui-develop\bundle\language_fr.properties
openhospital-gui-develop\bundle\language_it.properties
openhospital-gui-develop\bundle\language_pt.properties
openhospital-gui-develop\bundle\language_sw.properties
openhospital-gui-develop\bundle\language_zh_CN.properties

C:\CODE>findstr /s /r /i /m /c:"\<angal.medicalstockwardedit.theselectedpatienthasnoweightdefined\>" *.*
openhospital-gui-develop\bundle\language_ar.properties
openhospital-gui-develop\bundle\language_de.properties
openhospital-gui-develop\bundle\language_en.properties
openhospital-gui-develop\bundle\language_es.properties
openhospital-gui-develop\bundle\language_fr.properties
openhospital-gui-develop\bundle\language_it.properties
openhospital-gui-develop\bundle\language_pt.properties
openhospital-gui-develop\bundle\language_sw.properties
openhospital-gui-develop\bundle\language_zh_CN.properties

C:\CODE>findstr /s /r /i /m /c:"\<angal.medicalstockwardedit.tooltip.changethepatientassociatedwiththismovement\>" *.*
openhospital-gui-develop\bundle\language_ar.properties
openhospital-gui-develop\bundle\language_de.properties
openhospital-gui-develop\bundle\language_en.properties
openhospital-gui-develop\bundle\language_es.properties
openhospital-gui-develop\bundle\language_fr.properties
openhospital-gui-develop\bundle\language_it.properties
openhospital-gui-develop\bundle\language_pt.properties
openhospital-gui-develop\bundle\language_sw.properties
openhospital-gui-develop\bundle\language_zh_CN.properties

C:\CODE>findstr /s /r /i /m /c:"\<angal.medicalstockwardedit.updateageandweightforthispatient\>" *.*
openhospital-gui-develop\bundle\language_ar.properties
openhospital-gui-develop\bundle\language_de.properties
openhospital-gui-develop\bundle\language_en.properties
openhospital-gui-develop\bundle\language_es.properties
openhospital-gui-develop\bundle\language_fr.properties
openhospital-gui-develop\bundle\language_it.properties
openhospital-gui-develop\bundle\language_pt.properties
openhospital-gui-develop\bundle\language_sw.properties
openhospital-gui-develop\bundle\language_zh_CN.properties

C:\CODE>findstr /s /r /i /m /c:"\<angal.medstockmovtype.codetoolongmaxchars\>" *.*
openhospital-gui-develop\bundle\language_ar.properties
openhospital-gui-develop\bundle\language_de.properties
openhospital-gui-develop\bundle\language_en.properties
openhospital-gui-develop\bundle\language_es.properties
openhospital-gui-develop\bundle\language_fr.properties
openhospital-gui-develop\bundle\language_it.properties
openhospital-gui-develop\bundle\language_pt.properties
openhospital-gui-develop\bundle\language_sw.properties
openhospital-gui-develop\bundle\language_zh_CN.properties

C:\CODE>findstr /s /r /i /m /c:"\<angal.medstockmovtype.pleaseinsertavalidtype\>" *.*
openhospital-gui-develop\bundle\language_ar.properties
openhospital-gui-develop\bundle\language_de.properties
openhospital-gui-develop\bundle\language_en.properties
openhospital-gui-develop\bundle\language_es.properties
openhospital-gui-develop\bundle\language_fr.properties
openhospital-gui-develop\bundle\language_it.properties
openhospital-gui-develop\bundle\language_pt.properties
openhospital-gui-develop\bundle\language_sw.properties
openhospital-gui-develop\bundle\language_zh_CN.properties

C:\CODE>findstr /s /r /i /m /c:"\<angal.menu.btn.therapy\>" *.*
openhospital-gui-develop\bundle\language_ar.properties
openhospital-gui-develop\bundle\language_de.properties
openhospital-gui-develop\bundle\language_en.properties
openhospital-gui-develop\bundle\language_es.properties
openhospital-gui-develop\bundle\language_fr.properties
openhospital-gui-develop\bundle\language_it.properties
openhospital-gui-develop\bundle\language_pt.properties
openhospital-gui-develop\bundle\language_sw.properties
openhospital-gui-develop\bundle\language_zh_CN.properties


C:\CODE>findstr /s /r /i /m /c:"\<angal.menu.passwdm\>" *.*
openhospital-gui-develop\bundle\language_ar.properties
openhospital-gui-develop\bundle\language_de.properties
openhospital-gui-develop\bundle\language_en.properties
openhospital-gui-develop\bundle\language_es.properties
openhospital-gui-develop\bundle\language_fr.properties
openhospital-gui-develop\bundle\language_it.properties
openhospital-gui-develop\bundle\language_pt.properties
openhospital-gui-develop\bundle\language_sw.properties
openhospital-gui-develop\bundle\language_zh_CN.properties

C:\CODE>findstr /s /r /i /m /c:"\<angal.menu.type\>" *.*
openhospital-gui-develop\bundle\language_ar.properties
openhospital-gui-develop\bundle\language_de.properties
openhospital-gui-develop\bundle\language_en.properties
openhospital-gui-develop\bundle\language_es.properties
openhospital-gui-develop\bundle\language_fr.properties
openhospital-gui-develop\bundle\language_it.properties
openhospital-gui-develop\bundle\language_pt.properties
openhospital-gui-develop\bundle\language_sw.properties
openhospital-gui-develop\bundle\language_zh_CN.properties

C:\CODE>findstr /s /r /i /m /c:"\<angal.menu.visits\>" *.*
openhospital-gui-develop\bundle\language_ar.properties
openhospital-gui-develop\bundle\language_de.properties
openhospital-gui-develop\bundle\language_en.properties
openhospital-gui-develop\bundle\language_es.properties
openhospital-gui-develop\bundle\language_fr.properties
openhospital-gui-develop\bundle\language_it.properties
openhospital-gui-develop\bundle\language_pt.properties
openhospital-gui-develop\bundle\language_sw.properties
openhospital-gui-develop\bundle\language_zh_CN.properties

C:\CODE>findstr /s /r /i /m /c:"\<angal.newbill.failedtosavebill\>" *.*
openhospital-gui-develop\bundle\language_ar.properties
openhospital-gui-develop\bundle\language_de.properties
openhospital-gui-develop\bundle\language_en.properties
openhospital-gui-develop\bundle\language_es.properties
openhospital-gui-develop\bundle\language_fr.properties
openhospital-gui-develop\bundle\language_it.properties
openhospital-gui-develop\bundle\language_pt.properties
openhospital-gui-develop\bundle\language_sw.properties
openhospital-gui-develop\bundle\language_zh_CN.properties

C:\CODE>findstr /s /r /i /m /c:"\<angal.newbill.pleaseselectapaymentfirst\>" *.*
openhospital-gui-develop\bundle\language_ar.properties
openhospital-gui-develop\bundle\language_de.properties
openhospital-gui-develop\bundle\language_en.properties
openhospital-gui-develop\bundle\language_es.properties
openhospital-gui-develop\bundle\language_fr.properties
openhospital-gui-develop\bundle\language_it.properties
openhospital-gui-develop\bundle\language_pt.properties
openhospital-gui-develop\bundle\language_sw.properties
openhospital-gui-develop\bundle\language_zh_CN.properties

C:\CODE>findstr /s /r /i /m /c:"\<angal.opd.doyouwanttooverwritethedata\>" *.*
openhospital-gui-develop\bundle\language_ar.properties
openhospital-gui-develop\bundle\language_de.properties
openhospital-gui-develop\bundle\language_en.properties
openhospital-gui-develop\bundle\language_es.properties
openhospital-gui-develop\bundle\language_fr.properties
openhospital-gui-develop\bundle\language_it.properties
openhospital-gui-develop\bundle\language_pt.properties
openhospital-gui-develop\bundle\language_sw.properties
openhospital-gui-develop\bundle\language_zh_CN.properties

C:\CODE>findstr /s /r /i /m /c:"\<angal.opd.patientsearch\>" *.*
openhospital-gui-develop\bundle\language_ar.properties
openhospital-gui-develop\bundle\language_de.properties
openhospital-gui-develop\bundle\language_en.properties
openhospital-gui-develop\bundle\language_es.properties
openhospital-gui-develop\bundle\language_fr.properties
openhospital-gui-develop\bundle\language_it.properties
openhospital-gui-develop\bundle\language_pt.properties
openhospital-gui-develop\bundle\language_sw.properties
openhospital-gui-develop\bundle\language_zh_CN.properties

C:\CODE>findstr /s /r /i /m /c:"\<angal.opd.progyearm\>" *.*
openhospital-gui-develop\bundle\language_ar.properties
openhospital-gui-develop\bundle\language_de.properties
openhospital-gui-develop\bundle\language_en.properties
openhospital-gui-develop\bundle\language_es.properties
openhospital-gui-develop\bundle\language_fr.properties
openhospital-gui-develop\bundle\language_it.properties
openhospital-gui-develop\bundle\language_pt.properties
openhospital-gui-develop\bundle\language_sw.properties
openhospital-gui-develop\bundle\language_zh_CN.properties

C:\CODE>findstr /s /r /i /m /c:"\<angal.operation.codetoolongmaxchars\>" *.*
openhospital-gui-develop\bundle\language_ar.properties
openhospital-gui-develop\bundle\language_de.properties
openhospital-gui-develop\bundle\language_en.properties
openhospital-gui-develop\bundle\language_es.properties
openhospital-gui-develop\bundle\language_fr.properties
openhospital-gui-develop\bundle\language_it.properties
openhospital-gui-develop\bundle\language_pt.properties
openhospital-gui-develop\bundle\language_sw.properties
openhospital-gui-develop\bundle\language_zh_CN.properties

C:\CODE>findstr /s /r /i /m /c:"\<angal.operation.doyouwanttooverwritethedata\>" *.*
openhospital-gui-develop\bundle\language_ar.properties
openhospital-gui-develop\bundle\language_de.properties
openhospital-gui-develop\bundle\language_en.properties
openhospital-gui-develop\bundle\language_es.properties
openhospital-gui-develop\bundle\language_fr.properties
openhospital-gui-develop\bundle\language_it.properties
openhospital-gui-develop\bundle\language_pt.properties
openhospital-gui-develop\bundle\language_sw.properties
openhospital-gui-develop\bundle\language_zh_CN.properties

C:\CODE>findstr /s /r /i /m /c:"\<angal.operation.select\>" *.*
openhospital-gui-develop\bundle\language_ar.properties
openhospital-gui-develop\bundle\language_de.properties
openhospital-gui-develop\bundle\language_en.properties
openhospital-gui-develop\bundle\language_es.properties
openhospital-gui-develop\bundle\language_fr.properties
openhospital-gui-develop\bundle\language_it.properties
openhospital-gui-develop\bundle\language_pt.properties
openhospital-gui-develop\bundle\language_sw.properties
openhospital-gui-develop\bundle\language_zh_CN.properties

C:\CODE>findstr /s /r /i /m /c:"\<angal.patient.agetooltip\>" *.*
openhospital-gui-develop\bundle\language_ar.properties
openhospital-gui-develop\bundle\language_de.properties
openhospital-gui-develop\bundle\language_en.properties
openhospital-gui-develop\bundle\language_es.properties
openhospital-gui-develop\bundle\language_fr.properties
openhospital-gui-develop\bundle\language_it.properties
openhospital-gui-develop\bundle\language_pt.properties
openhospital-gui-develop\bundle\language_sw.properties
openhospital-gui-develop\bundle\language_zh_CN.properties

C:\CODE>findstr /s /r /i /m /c:"\<angal.patient.doyouwanttooverwritethedata\>" *.*
openhospital-gui-develop\bundle\language_ar.properties
openhospital-gui-develop\bundle\language_de.properties
openhospital-gui-develop\bundle\language_en.properties
openhospital-gui-develop\bundle\language_es.properties
openhospital-gui-develop\bundle\language_fr.properties
openhospital-gui-develop\bundle\language_it.properties
openhospital-gui-develop\bundle\language_pt.properties
openhospital-gui-develop\bundle\language_sw.properties
openhospital-gui-develop\bundle\language_zh_CN.properties

C:\CODE>findstr /s /r /i /m /c:"\<angal.patient.economicstatus\>" *.*
openhospital-gui-develop\bundle\language_ar.properties
openhospital-gui-develop\bundle\language_de.properties
openhospital-gui-develop\bundle\language_en.properties
openhospital-gui-develop\bundle\language_es.properties
openhospital-gui-develop\bundle\language_fr.properties
openhospital-gui-develop\bundle\language_it.properties
openhospital-gui-develop\bundle\language_pt.properties
openhospital-gui-develop\bundle\language_sw.properties
openhospital-gui-develop\bundle\language_zh_CN.properties

C:\CODE>findstr /s /r /i /m /c:"\<angal.patient.educationlevel\>" *.*
openhospital-gui-develop\bundle\language_ar.properties
openhospital-gui-develop\bundle\language_de.properties
openhospital-gui-develop\bundle\language_en.properties
openhospital-gui-develop\bundle\language_es.properties
openhospital-gui-develop\bundle\language_fr.properties
openhospital-gui-develop\bundle\language_it.properties
openhospital-gui-develop\bundle\language_pt.properties
openhospital-gui-develop\bundle\language_sw.properties
openhospital-gui-develop\bundle\language_zh_CN.properties

C:\CODE>findstr /s /r /i /m /c:"\<angal.patient.father\>" *.*
openhospital-gui-develop\bundle\language_ar.properties
openhospital-gui-develop\bundle\language_de.properties
openhospital-gui-develop\bundle\language_en.properties
openhospital-gui-develop\bundle\language_es.properties
openhospital-gui-develop\bundle\language_fr.properties
openhospital-gui-develop\bundle\language_it.properties
openhospital-gui-develop\bundle\language_pt.properties
openhospital-gui-develop\bundle\language_sw.properties
openhospital-gui-develop\bundle\language_zh_CN.properties

C:\CODE>findstr /s /r /i /m /c:"\<angal.patient.heightandweight\>" *.*
openhospital-gui-develop\bundle\language_ar.properties
openhospital-gui-develop\bundle\language_de.properties
openhospital-gui-develop\bundle\language_en.properties
openhospital-gui-develop\bundle\language_es.properties
openhospital-gui-develop\bundle\language_fr.properties
openhospital-gui-develop\bundle\language_it.properties
openhospital-gui-develop\bundle\language_pt.properties
openhospital-gui-develop\bundle\language_sw.properties
openhospital-gui-develop\bundle\language_zh_CN.properties

C:\CODE>findstr /s /r /i /m /c:"\<angal.patient.merge.title\>" *.*
openhospital-gui-develop\bundle\language_ar.properties
openhospital-gui-develop\bundle\language_de.properties
openhospital-gui-develop\bundle\language_en.properties
openhospital-gui-develop\bundle\language_es.properties
openhospital-gui-develop\bundle\language_fr.properties
openhospital-gui-develop\bundle\language_it.properties
openhospital-gui-develop\bundle\language_pt.properties
openhospital-gui-develop\bundle\language_sw.properties
openhospital-gui-develop\bundle\language_zh_CN.properties

C:\CODE>findstr /s /r /i /m /c:"\<angal.patient.mother\>" *.*
openhospital-gui-develop\bundle\language_ar.properties
openhospital-gui-develop\bundle\language_de.properties
openhospital-gui-develop\bundle\language_en.properties
openhospital-gui-develop\bundle\language_es.properties
openhospital-gui-develop\bundle\language_fr.properties
openhospital-gui-develop\bundle\language_it.properties
openhospital-gui-develop\bundle\language_pt.properties
openhospital-gui-develop\bundle\language_sw.properties
openhospital-gui-develop\bundle\language_zh_CN.properties

C:\CODE>findstr /s /r /i /m /c:"\<angal.patient.nowebcamfound\>" *.*
openhospital-gui-develop\bundle\language_ar.properties
openhospital-gui-develop\bundle\language_de.properties
openhospital-gui-develop\bundle\language_en.properties
openhospital-gui-develop\bundle\language_es.properties
openhospital-gui-develop\bundle\language_fr.properties
openhospital-gui-develop\bundle\language_it.properties
openhospital-gui-develop\bundle\language_pt.properties
openhospital-gui-develop\bundle\language_sw.properties
openhospital-gui-develop\bundle\language_zh_CN.properties

C:\CODE>findstr /s /r /i /m /c:"\<angal.patient.poor\>" *.*
openhospital-gui-develop\bundle\language_ar.properties
openhospital-gui-develop\bundle\language_de.properties
openhospital-gui-develop\bundle\language_en.properties
openhospital-gui-develop\bundle\language_es.properties
openhospital-gui-develop\bundle\language_fr.properties
openhospital-gui-develop\bundle\language_it.properties
openhospital-gui-develop\bundle\language_pt.properties
openhospital-gui-develop\bundle\language_sw.properties
openhospital-gui-develop\bundle\language_zh_CN.properties

C:\CODE>findstr /s /r /i /m /c:"\<angal.patient.quality\>" *.*
openhospital-gui-develop\bundle\language_ar.properties
openhospital-gui-develop\bundle\language_de.properties
openhospital-gui-develop\bundle\language_en.properties
openhospital-gui-develop\bundle\language_es.properties
openhospital-gui-develop\bundle\language_fr.properties
openhospital-gui-develop\bundle\language_it.properties
openhospital-gui-develop\bundle\language_pt.properties
openhospital-gui-develop\bundle\language_sw.properties
openhospital-gui-develop\bundle\language_zh_CN.properties

C:\CODE>findstr /s /r /i /m /c:"\<angal.patient.rich\>" *.*
openhospital-gui-develop\bundle\language_ar.properties
openhospital-gui-develop\bundle\language_de.properties
openhospital-gui-develop\bundle\language_en.properties
openhospital-gui-develop\bundle\language_es.properties
openhospital-gui-develop\bundle\language_fr.properties
openhospital-gui-develop\bundle\language_it.properties
openhospital-gui-develop\bundle\language_pt.properties
openhospital-gui-develop\bundle\language_sw.properties
openhospital-gui-develop\bundle\language_zh_CN.properties

C:\CODE>findstr /s /r /i /m /c:"\<angal.patient.toproceedyouneedtosavecontinue\>" *.*
openhospital-gui-develop\bundle\language_ar.properties
openhospital-gui-develop\bundle\language_de.properties
openhospital-gui-develop\bundle\language_en.properties
openhospital-gui-develop\bundle\language_es.properties
openhospital-gui-develop\bundle\language_fr.properties
openhospital-gui-develop\bundle\language_it.properties
openhospital-gui-develop\bundle\language_pt.properties
openhospital-gui-develop\bundle\language_sw.properties
openhospital-gui-develop\bundle\language_zh_CN.properties

C:\CODE>findstr /s /r /i /m /c:"\<angal.patvac.from\>" *.*
openhospital-gui-develop\bundle\language_ar.properties
openhospital-gui-develop\bundle\language_de.properties
openhospital-gui-develop\bundle\language_en.properties
openhospital-gui-develop\bundle\language_es.properties
openhospital-gui-develop\bundle\language_fr.properties
openhospital-gui-develop\bundle\language_it.properties
openhospital-gui-develop\bundle\language_pt.properties
openhospital-gui-develop\bundle\language_sw.properties
openhospital-gui-develop\bundle\language_zh_CN.properties

C:\CODE>findstr /s /r /i /m /c:"\<angal.patvac.patientdata\>" *.*
openhospital-gui-develop\bundle\language_ar.properties
openhospital-gui-develop\bundle\language_de.properties
openhospital-gui-develop\bundle\language_en.properties
openhospital-gui-develop\bundle\language_es.properties
openhospital-gui-develop\bundle\language_fr.properties
openhospital-gui-develop\bundle\language_it.properties
openhospital-gui-develop\bundle\language_pt.properties
openhospital-gui-develop\bundle\language_sw.properties
openhospital-gui-develop\bundle\language_zh_CN.properties

C:\CODE>findstr /s /r /i /m /c:"\<angal.patvac.printtable\>" *.*
openhospital-gui-develop\bundle\language_ar.properties
openhospital-gui-develop\bundle\language_de.properties
openhospital-gui-develop\bundle\language_en.properties
openhospital-gui-develop\bundle\language_es.properties
openhospital-gui-develop\bundle\language_fr.properties
openhospital-gui-develop\bundle\language_it.properties
openhospital-gui-develop\bundle\language_pt.properties
openhospital-gui-develop\bundle\language_sw.properties
openhospital-gui-develop\bundle\language_zh_CN.properties

C:\CODE>findstr /s /r /i /m /c:"\<angal.patvac.to\>" *.*
openhospital-gui-develop\bundle\language_ar.properties
openhospital-gui-develop\bundle\language_de.properties
openhospital-gui-develop\bundle\language_en.properties
openhospital-gui-develop\bundle\language_es.properties
openhospital-gui-develop\bundle\language_fr.properties
openhospital-gui-develop\bundle\language_it.properties
openhospital-gui-develop\bundle\language_pt.properties
openhospital-gui-develop\bundle\language_sw.properties
openhospital-gui-develop\bundle\language_zh_CN.properties

C:\CODE>findstr /s /r /i /m /c:"\<angal.preagtreattype.codemaxchars\>" *.*
openhospital-gui-develop\bundle\language_ar.properties
openhospital-gui-develop\bundle\language_de.properties
openhospital-gui-develop\bundle\language_en.properties
openhospital-gui-develop\bundle\language_es.properties
openhospital-gui-develop\bundle\language_fr.properties
openhospital-gui-develop\bundle\language_it.properties
openhospital-gui-develop\bundle\language_pt.properties
openhospital-gui-develop\bundle\language_sw.properties
openhospital-gui-develop\bundle\language_zh_CN.properties

C:\CODE>findstr /s /r /i /m /c:"\<angal.preagtreattype.codetoolongmaxchars\>" *.*
openhospital-gui-develop\bundle\language_ar.properties
openhospital-gui-develop\bundle\language_de.properties
openhospital-gui-develop\bundle\language_en.properties
openhospital-gui-develop\bundle\language_es.properties
openhospital-gui-develop\bundle\language_fr.properties
openhospital-gui-develop\bundle\language_it.properties
openhospital-gui-develop\bundle\language_pt.properties
openhospital-gui-develop\bundle\language_sw.properties
openhospital-gui-develop\bundle\language_zh_CN.properties

C:\CODE>findstr /s /r /i /m /c:"\<angal.priceslist.acurrency\>" *.*
openhospital-gui-develop\bundle\language_ar.properties
openhospital-gui-develop\bundle\language_de.properties
openhospital-gui-develop\bundle\language_en.properties
openhospital-gui-develop\bundle\language_es.properties
openhospital-gui-develop\bundle\language_fr.properties
openhospital-gui-develop\bundle\language_it.properties
openhospital-gui-develop\bundle\language_pt.properties
openhospital-gui-develop\bundle\language_sw.properties
openhospital-gui-develop\bundle\language_zh_CN.properties

C:\CODE>findstr /s /r /i /m /c:"\<angal.priceslist.aname\>" *.*
openhospital-gui-develop\bundle\language_ar.properties
openhospital-gui-develop\bundle\language_de.properties
openhospital-gui-develop\bundle\language_en.properties
openhospital-gui-develop\bundle\language_es.properties
openhospital-gui-develop\bundle\language_fr.properties
openhospital-gui-develop\bundle\language_it.properties
openhospital-gui-develop\bundle\language_pt.properties
openhospital-gui-develop\bundle\language_sw.properties
openhospital-gui-develop\bundle\language_zh_CN.properties

C:\CODE>findstr /s /r /i /m /c:"\<angal.report.billsreport.billid\>" *.*
openhospital-gui-develop\bundle\language_ar.properties
openhospital-gui-develop\bundle\language_de.properties
openhospital-gui-develop\bundle\language_en.properties
openhospital-gui-develop\bundle\language_es.properties
openhospital-gui-develop\bundle\language_fr.properties
openhospital-gui-develop\bundle\language_it.properties
openhospital-gui-develop\bundle\language_pt.properties
openhospital-gui-develop\bundle\language_sw.properties
openhospital-gui-develop\bundle\language_zh_CN.properties

C:\CODE>findstr /s /r /i /m /c:"\<angal.report.billsreport.byreduction.title\>" *.*
openhospital-gui-develop\bundle\language_ar.properties
openhospital-gui-develop\bundle\language_de.properties
openhospital-gui-develop\bundle\language_en.properties
openhospital-gui-develop\bundle\language_es.properties
openhospital-gui-develop\bundle\language_fr.properties
openhospital-gui-develop\bundle\language_it.properties
openhospital-gui-develop\bundle\language_pt.properties
openhospital-gui-develop\bundle\language_sw.properties
openhospital-gui-develop\bundle\language_zh_CN.properties

C:\CODE>findstr /s /r /i /m /c:"\<angal.report.billsreport.byuser.title\>" *.*
openhospital-gui-develop\bundle\language_ar.properties
openhospital-gui-develop\bundle\language_de.properties
openhospital-gui-develop\bundle\language_en.properties
openhospital-gui-develop\bundle\language_es.properties
openhospital-gui-develop\bundle\language_fr.properties
openhospital-gui-develop\bundle\language_it.properties
openhospital-gui-develop\bundle\language_pt.properties
openhospital-gui-develop\bundle\language_sw.properties
openhospital-gui-develop\bundle\language_zh_CN.properties

C:\CODE>findstr /s /r /i /m /c:"\<angal.report.billsreport.lastpayment\>" *.*
openhospital-gui-develop\bundle\language_ar.properties
openhospital-gui-develop\bundle\language_de.properties
openhospital-gui-develop\bundle\language_en.properties
openhospital-gui-develop\bundle\language_es.properties
openhospital-gui-develop\bundle\language_fr.properties
openhospital-gui-develop\bundle\language_it.properties
openhospital-gui-develop\bundle\language_pt.properties
openhospital-gui-develop\bundle\language_sw.properties
openhospital-gui-develop\bundle\language_zh_CN.properties

C:\CODE>findstr /s /r /i /m /c:"\<angal.report.billsreport.notpaid\>" *.*
openhospital-gui-develop\bundle\language_ar.properties
openhospital-gui-develop\bundle\language_de.properties
openhospital-gui-develop\bundle\language_en.properties
openhospital-gui-develop\bundle\language_es.properties
openhospital-gui-develop\bundle\language_fr.properties
openhospital-gui-develop\bundle\language_it.properties
openhospital-gui-develop\bundle\language_pt.properties
openhospital-gui-develop\bundle\language_sw.properties
openhospital-gui-develop\bundle\language_zh_CN.properties

C:\CODE>findstr /s /r /i /m /c:"\<angal.report.billsreport.paid\>" *.*
openhospital-gui-develop\bundle\language_ar.properties
openhospital-gui-develop\bundle\language_de.properties
openhospital-gui-develop\bundle\language_en.properties
openhospital-gui-develop\bundle\language_es.properties
openhospital-gui-develop\bundle\language_fr.properties
openhospital-gui-develop\bundle\language_it.properties
openhospital-gui-develop\bundle\language_pt.properties
openhospital-gui-develop\bundle\language_sw.properties
openhospital-gui-develop\bundle\language_zh_CN.properties

C:\CODE>findstr /s /r /i /m /c:"\<angal.report.billsreport.patient\>" *.*
openhospital-gui-develop\bundle\language_ar.properties
openhospital-gui-develop\bundle\language_de.properties
openhospital-gui-develop\bundle\language_en.properties
openhospital-gui-develop\bundle\language_es.properties
openhospital-gui-develop\bundle\language_fr.properties
openhospital-gui-develop\bundle\language_it.properties
openhospital-gui-develop\bundle\language_pt.properties
openhospital-gui-develop\bundle\language_sw.properties
openhospital-gui-develop\bundle\language_zh_CN.properties

C:\CODE>findstr /s /r /i /m /c:"\<angal.report.billsreport.title\>" *.*
openhospital-gui-develop\bundle\language_ar.properties
openhospital-gui-develop\bundle\language_de.properties
openhospital-gui-develop\bundle\language_en.properties
openhospital-gui-develop\bundle\language_es.properties
openhospital-gui-develop\bundle\language_fr.properties
openhospital-gui-develop\bundle\language_it.properties
openhospital-gui-develop\bundle\language_pt.properties
openhospital-gui-develop\bundle\language_sw.properties
openhospital-gui-develop\bundle\language_zh_CN.properties

C:\CODE>findstr /s /r /i /m /c:"\<angal.report.billsreport.to\>" *.*
openhospital-gui-develop\bundle\language_ar.properties
openhospital-gui-develop\bundle\language_de.properties
openhospital-gui-develop\bundle\language_en.properties
openhospital-gui-develop\bundle\language_es.properties
openhospital-gui-develop\bundle\language_fr.properties
openhospital-gui-develop\bundle\language_it.properties
openhospital-gui-develop\bundle\language_pt.properties
openhospital-gui-develop\bundle\language_sw.properties
openhospital-gui-develop\bundle\language_zh_CN.properties

C:\CODE>findstr /s /r /i /m /c:"\<angal.report.billsreport.to2\>" *.*
openhospital-gui-develop\bundle\language_ar.properties
openhospital-gui-develop\bundle\language_de.properties
openhospital-gui-develop\bundle\language_en.properties
openhospital-gui-develop\bundle\language_es.properties
openhospital-gui-develop\bundle\language_fr.properties
openhospital-gui-develop\bundle\language_it.properties
openhospital-gui-develop\bundle\language_pt.properties
openhospital-gui-develop\bundle\language_sw.properties
openhospital-gui-develop\bundle\language_zh_CN.properties

C:\CODE>findstr /s /r /i /m /c:"\<angal.report.billsreport.totals\>" *.*
openhospital-gui-develop\bundle\language_ar.properties
openhospital-gui-develop\bundle\language_de.properties
openhospital-gui-develop\bundle\language_en.properties
openhospital-gui-develop\bundle\language_es.properties
openhospital-gui-develop\bundle\language_fr.properties
openhospital-gui-develop\bundle\language_it.properties
openhospital-gui-develop\bundle\language_pt.properties
openhospital-gui-develop\bundle\language_sw.properties
openhospital-gui-develop\bundle\language_zh_CN.properties

C:\CODE>findstr /s /r /i /m /c:"\<angal.report.billsreportuserallindate.date\>" *.*
openhospital-gui-develop\bundle\language_ar.properties
openhospital-gui-develop\bundle\language_de.properties
openhospital-gui-develop\bundle\language_en.properties
openhospital-gui-develop\bundle\language_es.properties
openhospital-gui-develop\bundle\language_fr.properties
openhospital-gui-develop\bundle\language_it.properties
openhospital-gui-develop\bundle\language_pt.properties
openhospital-gui-develop\bundle\language_sw.properties
openhospital-gui-develop\bundle\language_zh_CN.properties

C:\CODE>findstr /s /r /i /m /c:"\<angal.report.patientbillextended.discount\>" *.*
openhospital-gui-develop\bundle\language_ar.properties
openhospital-gui-develop\bundle\language_de.properties
openhospital-gui-develop\bundle\language_en.properties
openhospital-gui-develop\bundle\language_es.properties
openhospital-gui-develop\bundle\language_fr.properties
openhospital-gui-develop\bundle\language_it.properties
openhospital-gui-develop\bundle\language_pt.properties
openhospital-gui-develop\bundle\language_sw.properties
openhospital-gui-develop\bundle\language_zh_CN.properties

C:\CODE>findstr /s /r /i /m /c:"\<angal.report.patientbillpaymentstxt.balance\>" *.*
openhospital-gui-develop\bundle\language_ar.properties
openhospital-gui-develop\bundle\language_de.properties
openhospital-gui-develop\bundle\language_en.properties
openhospital-gui-develop\bundle\language_es.properties
openhospital-gui-develop\bundle\language_fr.properties
openhospital-gui-develop\bundle\language_it.properties
openhospital-gui-develop\bundle\language_pt.properties
openhospital-gui-develop\bundle\language_sw.properties
openhospital-gui-develop\bundle\language_zh_CN.properties

C:\CODE>findstr /s /r /i /m /c:"\<angal.sql.couldntfindthedataithasprobablybeendeleted\>" *.*
openhospital-gui-develop\bundle\language_ar.properties
openhospital-gui-develop\bundle\language_de.properties
openhospital-gui-develop\bundle\language_en.properties
openhospital-gui-develop\bundle\language_es.properties
openhospital-gui-develop\bundle\language_fr.properties
openhospital-gui-develop\bundle\language_it.properties
openhospital-gui-develop\bundle\language_pt.properties
openhospital-gui-develop\bundle\language_sw.properties
openhospital-gui-develop\bundle\language_zh_CN.properties

C:\CODE>findstr /s /r /i /m /c:"\<angal.sql.thedataisnomorepresent\>" *.*
openhospital-gui-develop\bundle\language_ar.properties
openhospital-gui-develop\bundle\language_de.properties
openhospital-gui-develop\bundle\language_en.properties
openhospital-gui-develop\bundle\language_es.properties
openhospital-gui-develop\bundle\language_fr.properties
openhospital-gui-develop\bundle\language_it.properties
openhospital-gui-develop\bundle\language_pt.properties
openhospital-gui-develop\bundle\language_sw.properties
openhospital-gui-develop\bundle\language_zh_CN.properties

C:\CODE>findstr /s /r /i /m /c:"\<angal.therapy.patienttherapiescouldnotbesaved\>" *.*
openhospital-gui-develop\bundle\language_ar.properties
openhospital-gui-develop\bundle\language_de.properties
openhospital-gui-develop\bundle\language_en.properties
openhospital-gui-develop\bundle\language_es.properties
openhospital-gui-develop\bundle\language_fr.properties
openhospital-gui-develop\bundle\language_it.properties
openhospital-gui-develop\bundle\language_pt.properties
openhospital-gui-develop\bundle\language_sw.properties
openhospital-gui-develop\bundle\language_zh_CN.properties

C:\CODE>findstr /s /r /i /m /c:"\<angal.therapy.patienttherapiessaved\>" *.*
openhospital-gui-develop\bundle\language_ar.properties
openhospital-gui-develop\bundle\language_de.properties
openhospital-gui-develop\bundle\language_en.properties
openhospital-gui-develop\bundle\language_es.properties
openhospital-gui-develop\bundle\language_fr.properties
openhospital-gui-develop\bundle\language_it.properties
openhospital-gui-develop\bundle\language_pt.properties
openhospital-gui-develop\bundle\language_sw.properties
openhospital-gui-develop\bundle\language_zh_CN.properties

C:\CODE>findstr /s /r /i /m /c:"\<angal.therapy.startingdate\>" *.*
openhospital-gui-develop\bundle\language_ar.properties
openhospital-gui-develop\bundle\language_de.properties
openhospital-gui-develop\bundle\language_en.properties
openhospital-gui-develop\bundle\language_es.properties
openhospital-gui-develop\bundle\language_fr.properties
openhospital-gui-develop\bundle\language_it.properties
openhospital-gui-develop\bundle\language_pt.properties
openhospital-gui-develop\bundle\language_sw.properties
openhospital-gui-develop\bundle\language_zh_CN.properties

C:\CODE>findstr /s /r /i /m /c:"\<angal.therapy.therapiesplanhasnotbeensavedsaveandclose\>" *.*
openhospital-gui-develop\bundle\language_ar.properties
openhospital-gui-develop\bundle\language_de.properties
openhospital-gui-develop\bundle\language_en.properties
openhospital-gui-develop\bundle\language_es.properties
openhospital-gui-develop\bundle\language_fr.properties
openhospital-gui-develop\bundle\language_it.properties
openhospital-gui-develop\bundle\language_pt.properties
openhospital-gui-develop\bundle\language_sw.properties
openhospital-gui-develop\bundle\language_zh_CN.properties

C:\CODE>findstr /s /r /i /m /c:"\<angal.therapy.therapytitle\>" *.*
openhospital-gui-develop\bundle\language_ar.properties
openhospital-gui-develop\bundle\language_de.properties
openhospital-gui-develop\bundle\language_en.properties
openhospital-gui-develop\bundle\language_es.properties
openhospital-gui-develop\bundle\language_fr.properties
openhospital-gui-develop\bundle\language_it.properties
openhospital-gui-develop\bundle\language_pt.properties
openhospital-gui-develop\bundle\language_sw.properties
openhospital-gui-develop\bundle\language_zh_CN.properties

C:\CODE>findstr /s /r /i /m /c:"\<angal.therapy.visitedate\>" *.*
openhospital-gui-develop\bundle\language_ar.properties
openhospital-gui-develop\bundle\language_de.properties
openhospital-gui-develop\bundle\language_en.properties
openhospital-gui-develop\bundle\language_es.properties
openhospital-gui-develop\bundle\language_fr.properties
openhospital-gui-develop\bundle\language_it.properties
openhospital-gui-develop\bundle\language_pt.properties
openhospital-gui-develop\bundle\language_sw.properties
openhospital-gui-develop\bundle\language_zh_CN.properties

C:\CODE>findstr /s /r /i /m /c:"\<angal.vaccine.childm\>" *.*
openhospital-gui-develop\bundle\language_ar.properties
openhospital-gui-develop\bundle\language_de.properties
openhospital-gui-develop\bundle\language_en.properties
openhospital-gui-develop\bundle\language_es.properties
openhospital-gui-develop\bundle\language_fr.properties
openhospital-gui-develop\bundle\language_it.properties
openhospital-gui-develop\bundle\language_pt.properties
openhospital-gui-develop\bundle\language_sw.properties
openhospital-gui-develop\bundle\language_zh_CN.properties

C:\CODE>findstr /s /r /i /m /c:"\<angal.vaccine.doyouwanttooverwritethedata\>" *.*
openhospital-gui-develop\bundle\language_ar.properties
openhospital-gui-develop\bundle\language_de.properties
openhospital-gui-develop\bundle\language_en.properties
openhospital-gui-develop\bundle\language_es.properties
openhospital-gui-develop\bundle\language_fr.properties
openhospital-gui-develop\bundle\language_it.properties
openhospital-gui-develop\bundle\language_pt.properties
openhospital-gui-develop\bundle\language_sw.properties
openhospital-gui-develop\bundle\language_zh_CN.properties

C:\CODE>findstr /s /r /i /m /c:"\<angal.vaccine.notpregnantm\>" *.*
openhospital-gui-develop\bundle\language_ar.properties
openhospital-gui-develop\bundle\language_de.properties
openhospital-gui-develop\bundle\language_en.properties
openhospital-gui-develop\bundle\language_es.properties
openhospital-gui-develop\bundle\language_fr.properties
openhospital-gui-develop\bundle\language_it.properties
openhospital-gui-develop\bundle\language_pt.properties
openhospital-gui-develop\bundle\language_sw.properties
openhospital-gui-develop\bundle\language_zh_CN.properties

C:\CODE>findstr /s /r /i /m /c:"\<angal.vaccine.patientcategory\>" *.*
openhospital-gui-develop\bundle\language_ar.properties
openhospital-gui-develop\bundle\language_de.properties
openhospital-gui-develop\bundle\language_en.properties
openhospital-gui-develop\bundle\language_es.properties
openhospital-gui-develop\bundle\language_fr.properties
openhospital-gui-develop\bundle\language_it.properties
openhospital-gui-develop\bundle\language_pt.properties
openhospital-gui-develop\bundle\language_sw.properties
openhospital-gui-develop\bundle\language_zh_CN.properties

C:\CODE>findstr /s /r /i /m /c:"\<angal.vaccine.pregnantm\>" *.*
openhospital-gui-develop\bundle\language_ar.properties
openhospital-gui-develop\bundle\language_de.properties
openhospital-gui-develop\bundle\language_en.properties
openhospital-gui-develop\bundle\language_es.properties
openhospital-gui-develop\bundle\language_fr.properties
openhospital-gui-develop\bundle\language_it.properties
openhospital-gui-develop\bundle\language_pt.properties
openhospital-gui-develop\bundle\language_sw.properties
openhospital-gui-develop\bundle\language_zh_CN.properties

C:\CODE>findstr /s /r /i /m /c:"\<angal.vaccine.select\>" *.*
openhospital-gui-develop\bundle\language_ar.properties
openhospital-gui-develop\bundle\language_de.properties
openhospital-gui-develop\bundle\language_en.properties
openhospital-gui-develop\bundle\language_es.properties
openhospital-gui-develop\bundle\language_fr.properties
openhospital-gui-develop\bundle\language_it.properties
openhospital-gui-develop\bundle\language_pt.properties
openhospital-gui-develop\bundle\language_sw.properties
openhospital-gui-develop\bundle\language_zh_CN.properties

C:\CODE>findstr /s /r /i /m /c:"\<angal.video.devices\>" *.*
openhospital-gui-develop\bundle\language_ar.properties
openhospital-gui-develop\bundle\language_de.properties
openhospital-gui-develop\bundle\language_en.properties
openhospital-gui-develop\bundle\language_es.properties
openhospital-gui-develop\bundle\language_fr.properties
openhospital-gui-develop\bundle\language_it.properties
openhospital-gui-develop\bundle\language_pt.properties
openhospital-gui-develop\bundle\language_sw.properties
openhospital-gui-develop\bundle\language_zh_CN.properties

C:\CODE>findstr /s /r /i /m /c:"\<angal.video.pausestream\>" *.*
openhospital-gui-develop\bundle\language_ar.properties
openhospital-gui-develop\bundle\language_de.properties
openhospital-gui-develop\bundle\language_en.properties
openhospital-gui-develop\bundle\language_es.properties
openhospital-gui-develop\bundle\language_fr.properties
openhospital-gui-develop\bundle\language_it.properties
openhospital-gui-develop\bundle\language_pt.properties
openhospital-gui-develop\bundle\language_sw.properties
openhospital-gui-develop\bundle\language_zh_CN.properties

C:\CODE>findstr /s /r /i /m /c:"\<angal.video.rescanresolutions\>" *.*
openhospital-gui-develop\bundle\language_ar.properties
openhospital-gui-develop\bundle\language_de.properties
openhospital-gui-develop\bundle\language_en.properties
openhospital-gui-develop\bundle\language_es.properties
openhospital-gui-develop\bundle\language_fr.properties
openhospital-gui-develop\bundle\language_it.properties
openhospital-gui-develop\bundle\language_pt.properties
openhospital-gui-develop\bundle\language_sw.properties
openhospital-gui-develop\bundle\language_zh_CN.properties

C:\CODE>findstr /s /r /i /m /c:"\<angal.video.resolution\>" *.*
openhospital-gui-develop\bundle\language_ar.properties
openhospital-gui-develop\bundle\language_de.properties
openhospital-gui-develop\bundle\language_en.properties
openhospital-gui-develop\bundle\language_es.properties
openhospital-gui-develop\bundle\language_fr.properties
openhospital-gui-develop\bundle\language_it.properties
openhospital-gui-develop\bundle\language_pt.properties
openhospital-gui-develop\bundle\language_sw.properties
openhospital-gui-develop\bundle\language_zh_CN.properties

C:\CODE>findstr /s /r /i /m /c:"\<angal.video.resumestream\>" *.*
openhospital-gui-develop\bundle\language_ar.properties
openhospital-gui-develop\bundle\language_de.properties
openhospital-gui-develop\bundle\language_en.properties
openhospital-gui-develop\bundle\language_es.properties
openhospital-gui-develop\bundle\language_fr.properties
openhospital-gui-develop\bundle\language_it.properties
openhospital-gui-develop\bundle\language_pt.properties
openhospital-gui-develop\bundle\language_sw.properties
openhospital-gui-develop\bundle\language_zh_CN.properties

C:\CODE>findstr /s /r /i /m /c:"\<angal.video.setfullscreen\>" *.*
openhospital-gui-develop\bundle\language_ar.properties
openhospital-gui-develop\bundle\language_de.properties
openhospital-gui-develop\bundle\language_en.properties
openhospital-gui-develop\bundle\language_es.properties
openhospital-gui-develop\bundle\language_fr.properties
openhospital-gui-develop\bundle\language_it.properties
openhospital-gui-develop\bundle\language_pt.properties
openhospital-gui-develop\bundle\language_sw.properties
openhospital-gui-develop\bundle\language_zh_CN.properties

C:\CODE>findstr /s /r /i /m /c:"\<angal.video.shootaphoto\>" *.*
openhospital-gui-develop\bundle\language_ar.properties
openhospital-gui-develop\bundle\language_de.properties
openhospital-gui-develop\bundle\language_en.properties
openhospital-gui-develop\bundle\language_es.properties
openhospital-gui-develop\bundle\language_fr.properties
openhospital-gui-develop\bundle\language_it.properties
openhospital-gui-develop\bundle\language_pt.properties
openhospital-gui-develop\bundle\language_sw.properties
openhospital-gui-develop\bundle\language_zh_CN.properties

C:\CODE>findstr /s /r /i /m /c:"\<angal.visit.visitfor\>" *.*
openhospital-gui-develop\bundle\language_en.properties
openhospital-gui-develop\bundle\language_it.properties

C:\CODE>findstr /s /r /i /m /c:"\<angal.visit.visittomorrow\>" *.*
openhospital-gui-develop\bundle\language_en.properties
openhospital-gui-develop\bundle\language_it.properties

C:\CODE>findstr /s /r /i /m /c:"\<angal.ward.doyouwanttooverwritethedata\>" *.*
openhospital-gui-develop\bundle\language_ar.properties
openhospital-gui-develop\bundle\language_de.properties
openhospital-gui-develop\bundle\language_en.properties
openhospital-gui-develop\bundle\language_es.properties
openhospital-gui-develop\bundle\language_fr.properties
openhospital-gui-develop\bundle\language_it.properties
openhospital-gui-develop\bundle\language_pt.properties
openhospital-gui-develop\bundle\language_sw.properties
openhospital-gui-develop\bundle\language_zh_CN.properties

C:\CODE>findstr /s /r /i /m /c:"\<angal.ward.pattern.patientsarestilladmittedinward\>" *.*
openhospital-gui-develop\bundle\language_ar.properties
openhospital-gui-develop\bundle\language_de.properties
openhospital-gui-develop\bundle\language_en.properties
openhospital-gui-develop\bundle\language_es.properties
openhospital-gui-develop\bundle\language_fr.properties
openhospital-gui-develop\bundle\language_it.properties
openhospital-gui-develop\bundle\language_pt.properties
openhospital-gui-develop\bundle\language_sw.properties
openhospital-gui-develop\bundle\language_zh_CN.properties

C:\CODE>findstr /s /r /i /m /c:"\<angal.ward.pleaseinsertaname\>" *.*
openhospital-gui-develop\bundle\language_ar.properties
openhospital-gui-develop\bundle\language_de.properties
openhospital-gui-develop\bundle\language_en.properties
openhospital-gui-develop\bundle\language_es.properties
openhospital-gui-develop\bundle\language_fr.properties
openhospital-gui-develop\bundle\language_it.properties
openhospital-gui-develop\bundle\language_pt.properties
openhospital-gui-develop\bundle\language_sw.properties
openhospital-gui-develop\bundle\language_zh_CN.properties
